14:22:14 **** Build of project amp_test_bsp ****
make -k all 
Running Make include in psu_cortexr5_0/libsrc/csudma_v1_2/src
make -C psu_cortexr5_0/libsrc/csudma_v1_2/src -s include  "SHELL=/bin/sh" "COMPILER=armr5-none-eabi-gcc" "ARCHIVER=armr5-none-eabi-ar" "COMPILER_FLAGS=  -O2 -c -mcpu=cortex-r5" "EXTRA_COMPILER_FLAGS=-g -DARMR5 -Wall -Wextra -mfloat-abi=hard -mfpu=vfpv3-d16 -DUNDEFINE_FILE_OPS"
Running Make include in psu_cortexr5_0/libsrc/openamp_v1_5/src
make -C psu_cortexr5_0/libsrc/openamp_v1_5/src -s include  "SHELL=/bin/sh" "COMPILER=armr5-none-eabi-gcc" "ARCHIVER=armr5-none-eabi-ar" "COMPILER_FLAGS=  -O2 -c -mcpu=cortex-r5" "EXTRA_COMPILER_FLAGS=-g -DARMR5 -Wall -Wextra -mfloat-abi=hard -mfpu=vfpv3-d16 -DUNDEFINE_FILE_OPS"
Running Make include in psu_cortexr5_0/libsrc/standalone_v6_7/src
make -C psu_cortexr5_0/libsrc/standalone_v6_7/src -s include  "SHELL=/bin/sh" "COMPILER=armr5-none-eabi-gcc" "ARCHIVER=armr5-none-eabi-ar" "COMPILER_FLAGS=  -O2 -c -mcpu=cortex-r5" "EXTRA_COMPILER_FLAGS=-g -DARMR5 -Wall -Wextra -mfloat-abi=hard -mfpu=vfpv3-d16 -DUNDEFINE_FILE_OPS"
Running Make include in psu_cortexr5_0/libsrc/zdma_v1_5/src
make -C psu_cortexr5_0/libsrc/zdma_v1_5/src -s include  "SHELL=/bin/sh" "COMPILER=armr5-none-eabi-gcc" "ARCHIVER=armr5-none-eabi-ar" "COMPILER_FLAGS=  -O2 -c -mcpu=cortex-r5" "EXTRA_COMPILER_FLAGS=-g -DARMR5 -Wall -Wextra -mfloat-abi=hard -mfpu=vfpv3-d16 -DUNDEFINE_FILE_OPS"
Running Make include in psu_cortexr5_0/libsrc/ipipsu_v2_3/src
make -C psu_cortexr5_0/libsrc/ipipsu_v2_3/src -s include  "SHELL=/bin/sh" "COMPILER=armr5-none-eabi-gcc" "ARCHIVER=armr5-none-eabi-ar" "COMPILER_FLAGS=  -O2 -c -mcpu=cortex-r5" "EXTRA_COMPILER_FLAGS=-g -DARMR5 -Wall -Wextra -mfloat-abi=hard -mfpu=vfpv3-d16 -DUNDEFINE_FILE_OPS"
Running Make include in psu_cortexr5_0/libsrc/gpiops_v3_3/src
make -C psu_cortexr5_0/libsrc/gpiops_v3_3/src -s include  "SHELL=/bin/sh" "COMPILER=armr5-none-eabi-gcc" "ARCHIVER=armr5-none-eabi-ar" "COMPILER_FLAGS=  -O2 -c -mcpu=cortex-r5" "EXTRA_COMPILER_FLAGS=-g -DARMR5 -Wall -Wextra -mfloat-abi=hard -mfpu=vfpv3-d16 -DUNDEFINE_FILE_OPS"
Running Make include in psu_cortexr5_0/libsrc/scugic_v3_9/src
make -C psu_cortexr5_0/libsrc/scugic_v3_9/src -s include  "SHELL=/bin/sh" "COMPILER=armr5-none-eabi-gcc" "ARCHIVER=armr5-none-eabi-ar" "COMPILER_FLAGS=  -O2 -c -mcpu=cortex-r5" "EXTRA_COMPILER_FLAGS=-g -DARMR5 -Wall -Wextra -mfloat-abi=hard -mfpu=vfpv3-d16 -DUNDEFINE_FILE_OPS"
Running Make include in psu_cortexr5_0/libsrc/uartps_v3_6/src
make -C psu_cortexr5_0/libsrc/uartps_v3_6/src -s include  "SHELL=/bin/sh" "COMPILER=armr5-none-eabi-gcc" "ARCHIVER=armr5-none-eabi-ar" "COMPILER_FLAGS=  -O2 -c -mcpu=cortex-r5" "EXTRA_COMPILER_FLAGS=-g -DARMR5 -Wall -Wextra -mfloat-abi=hard -mfpu=vfpv3-d16 -DUNDEFINE_FILE_OPS"
Running Make include in psu_cortexr5_0/libsrc/avbuf_v2_2/src
make -C psu_cortexr5_0/libsrc/avbuf_v2_2/src -s include  "SHELL=/bin/sh" "COMPILER=armr5-none-eabi-gcc" "ARCHIVER=armr5-none-eabi-ar" "COMPILER_FLAGS=  -O2 -c -mcpu=cortex-r5" "EXTRA_COMPILER_FLAGS=-g -DARMR5 -Wall -Wextra -mfloat-abi=hard -mfpu=vfpv3-d16 -DUNDEFINE_FILE_OPS"
Running Make include in psu_cortexr5_0/libsrc/dpdma_v1_1/src
make -C psu_cortexr5_0/libsrc/dpdma_v1_1/src -s include  "SHELL=/bin/sh" "COMPILER=armr5-none-eabi-gcc" "ARCHIVER=armr5-none-eabi-ar" "COMPILER_FLAGS=  -O2 -c -mcpu=cortex-r5" "EXTRA_COMPILER_FLAGS=-g -DARMR5 -Wall -Wextra -mfloat-abi=hard -mfpu=vfpv3-d16 -DUNDEFINE_FILE_OPS"
Running Make include in psu_cortexr5_0/libsrc/iicps_v3_7/src
make -C psu_cortexr5_0/libsrc/iicps_v3_7/src -s include  "SHELL=/bin/sh" "COMPILER=armr5-none-eabi-gcc" "ARCHIVER=armr5-none-eabi-ar" "COMPILER_FLAGS=  -O2 -c -mcpu=cortex-r5" "EXTRA_COMPILER_FLAGS=-g -DARMR5 -Wall -Wextra -mfloat-abi=hard -mfpu=vfpv3-d16 -DUNDEFINE_FILE_OPS"
Running Make include in psu_cortexr5_0/libsrc/resetps_v1_1/src
make -C psu_cortexr5_0/libsrc/resetps_v1_1/src -s include  "SHELL=/bin/sh" "COMPILER=armr5-none-eabi-gcc" "ARCHIVER=armr5-none-eabi-ar" "COMPILER_FLAGS=  -O2 -c -mcpu=cortex-r5" "EXTRA_COMPILER_FLAGS=-g -DARMR5 -Wall -Wextra -mfloat-abi=hard -mfpu=vfpv3-d16 -DUNDEFINE_FILE_OPS"
Running Make include in psu_cortexr5_0/libsrc/libmetal_v1_4/src
make -C psu_cortexr5_0/libsrc/libmetal_v1_4/src -s include  "SHELL=/bin/sh" "COMPILER=armr5-none-eabi-gcc" "ARCHIVER=armr5-none-eabi-ar" "COMPILER_FLAGS=  -O2 -c -mcpu=cortex-r5" "EXTRA_COMPILER_FLAGS=-g -DARMR5 -Wall -Wextra -mfloat-abi=hard -mfpu=vfpv3-d16 -DUNDEFINE_FILE_OPS"
Running Make include in psu_cortexr5_0/libsrc/wdtps_v3_0/src
make -C psu_cortexr5_0/libsrc/wdtps_v3_0/src -s include  "SHELL=/bin/sh" "COMPILER=armr5-none-eabi-gcc" "ARCHIVER=armr5-none-eabi-ar" "COMPILER_FLAGS=  -O2 -c -mcpu=cortex-r5" "EXTRA_COMPILER_FLAGS=-g -DARMR5 -Wall -Wextra -mfloat-abi=hard -mfpu=vfpv3-d16 -DUNDEFINE_FILE_OPS"
Running Make include in psu_cortexr5_0/libsrc/video_common_v4_4/src
make -C psu_cortexr5_0/libsrc/video_common_v4_4/src -s include  "SHELL=/bin/sh" "COMPILER=armr5-none-eabi-gcc" "ARCHIVER=armr5-none-eabi-ar" "COMPILER_FLAGS=  -O2 -c -mcpu=cortex-r5" "EXTRA_COMPILER_FLAGS=-g -DARMR5 -Wall -Wextra -mfloat-abi=hard -mfpu=vfpv3-d16 -DUNDEFINE_FILE_OPS"
Running Make include in psu_cortexr5_0/libsrc/rtcpsu_v1_5/src
make -C psu_cortexr5_0/libsrc/rtcpsu_v1_5/src -s include  "SHELL=/bin/sh" "COMPILER=armr5-none-eabi-gcc" "ARCHIVER=armr5-none-eabi-ar" "COMPILER_FLAGS=  -O2 -c -mcpu=cortex-r5" "EXTRA_COMPILER_FLAGS=-g -DARMR5 -Wall -Wextra -mfloat-abi=hard -mfpu=vfpv3-d16 -DUNDEFINE_FILE_OPS"
Running Make include in psu_cortexr5_0/libsrc/ddrcpsu_v1_1/src
make -C psu_cortexr5_0/libsrc/ddrcpsu_v1_1/src -s include  "SHELL=/bin/sh" "COMPILER=armr5-none-eabi-gcc" "ARCHIVER=armr5-none-eabi-ar" "COMPILER_FLAGS=  -O2 -c -mcpu=cortex-r5" "EXTRA_COMPILER_FLAGS=-g -DARMR5 -Wall -Wextra -mfloat-abi=hard -mfpu=vfpv3-d16 -DUNDEFINE_FILE_OPS"
Running Make include in psu_cortexr5_0/libsrc/spips_v3_1/src
make -C psu_cortexr5_0/libsrc/spips_v3_1/src -s include  "SHELL=/bin/sh" "COMPILER=armr5-none-eabi-gcc" "ARCHIVER=armr5-none-eabi-ar" "COMPILER_FLAGS=  -O2 -c -mcpu=cortex-r5" "EXTRA_COMPILER_FLAGS=-g -DARMR5 -Wall -Wextra -mfloat-abi=hard -mfpu=vfpv3-d16 -DUNDEFINE_FILE_OPS"
Running Make include in psu_cortexr5_0/libsrc/sysmonpsu_v2_4/src
make -C psu_cortexr5_0/libsrc/sysmonpsu_v2_4/src -s include  "SHELL=/bin/sh" "COMPILER=armr5-none-eabi-gcc" "ARCHIVER=armr5-none-eabi-ar" "COMPILER_FLAGS=  -O2 -c -mcpu=cortex-r5" "EXTRA_COMPILER_FLAGS=-g -DARMR5 -Wall -Wextra -mfloat-abi=hard -mfpu=vfpv3-d16 -DUNDEFINE_FILE_OPS"
Running Make include in psu_cortexr5_0/libsrc/ttcps_v3_6/src
make -C psu_cortexr5_0/libsrc/ttcps_v3_6/src -s include  "SHELL=/bin/sh" "COMPILER=armr5-none-eabi-gcc" "ARCHIVER=armr5-none-eabi-ar" "COMPILER_FLAGS=  -O2 -c -mcpu=cortex-r5" "EXTRA_COMPILER_FLAGS=-g -DARMR5 -Wall -Wextra -mfloat-abi=hard -mfpu=vfpv3-d16 -DUNDEFINE_FILE_OPS"
Running Make include in psu_cortexr5_0/libsrc/cpu_cortexr5_v1_4/src
make -C psu_cortexr5_0/libsrc/cpu_cortexr5_v1_4/src -s include  "SHELL=/bin/sh" "COMPILER=armr5-none-eabi-gcc" "ARCHIVER=armr5-none-eabi-ar" "COMPILER_FLAGS=  -O2 -c -mcpu=cortex-r5" "EXTRA_COMPILER_FLAGS=-g -DARMR5 -Wall -Wextra -mfloat-abi=hard -mfpu=vfpv3-d16 -DUNDEFINE_FILE_OPS"
Running Make include in psu_cortexr5_0/libsrc/axipmon_v6_6/src
make -C psu_cortexr5_0/libsrc/axipmon_v6_6/src -s include  "SHELL=/bin/sh" "COMPILER=armr5-none-eabi-gcc" "ARCHIVER=armr5-none-eabi-ar" "COMPILER_FLAGS=  -O2 -c -mcpu=cortex-r5" "EXTRA_COMPILER_FLAGS=-g -DARMR5 -Wall -Wextra -mfloat-abi=hard -mfpu=vfpv3-d16 -DUNDEFINE_FILE_OPS"
Running Make include in psu_cortexr5_0/libsrc/sdps_v3_5/src
make -C psu_cortexr5_0/libsrc/sdps_v3_5/src -s include  "SHELL=/bin/sh" "COMPILER=armr5-none-eabi-gcc" "ARCHIVER=armr5-none-eabi-ar" "COMPILER_FLAGS=  -O2 -c -mcpu=cortex-r5" "EXTRA_COMPILER_FLAGS=-g -DARMR5 -Wall -Wextra -mfloat-abi=hard -mfpu=vfpv3-d16 -DUNDEFINE_FILE_OPS"
Running Make include in psu_cortexr5_0/libsrc/coresightps_dcc_v1_4/src
make -C psu_cortexr5_0/libsrc/coresightps_dcc_v1_4/src -s include  "SHELL=/bin/sh" "COMPILER=armr5-none-eabi-gcc" "ARCHIVER=armr5-none-eabi-ar" "COMPILER_FLAGS=  -O2 -c -mcpu=cortex-r5" "EXTRA_COMPILER_FLAGS=-g -DARMR5 -Wall -Wextra -mfloat-abi=hard -mfpu=vfpv3-d16 -DUNDEFINE_FILE_OPS"
Running Make include in psu_cortexr5_0/libsrc/usbpsu_v1_4/src
make -C psu_cortexr5_0/libsrc/usbpsu_v1_4/src -s include  "SHELL=/bin/sh" "COMPILER=armr5-none-eabi-gcc" "ARCHIVER=armr5-none-eabi-ar" "COMPILER_FLAGS=  -O2 -c -mcpu=cortex-r5" "EXTRA_COMPILER_FLAGS=-g -DARMR5 -Wall -Wextra -mfloat-abi=hard -mfpu=vfpv3-d16 -DUNDEFINE_FILE_OPS"
Running Make libs in psu_cortexr5_0/libsrc/csudma_v1_2/src
make -C psu_cortexr5_0/libsrc/csudma_v1_2/src -s libs  "SHELL=/bin/sh" "COMPILER=armr5-none-eabi-gcc" "ARCHIVER=armr5-none-eabi-ar" "COMPILER_FLAGS=  -O2 -c -mcpu=cortex-r5" "EXTRA_COMPILER_FLAGS=-g -DARMR5 -Wall -Wextra -mfloat-abi=hard -mfpu=vfpv3-d16 -DUNDEFINE_FILE_OPS"
Compiling csudma
armr5-none-eabi-ar: creating ../../../lib/libxil.a
Running Make libs in psu_cortexr5_0/libsrc/openamp_v1_5/src
make -C psu_cortexr5_0/libsrc/openamp_v1_5/src -s libs  "SHELL=/bin/sh" "COMPILER=armr5-none-eabi-gcc" "ARCHIVER=armr5-none-eabi-ar" "COMPILER_FLAGS=  -O2 -c -mcpu=cortex-r5" "EXTRA_COMPILER_FLAGS=-g -DARMR5 -Wall -Wextra -mfloat-abi=hard -mfpu=vfpv3-d16 -DUNDEFINE_FILE_OPS"
Scanning dependencies of target open_amp-static
[  6%] Building C object lib/CMakeFiles/open_amp-static.dir/common/hil.c.obj
[ 13%] Building C object lib/CMakeFiles/open_amp-static.dir/common/sh_mem.c.obj
[ 20%] Building C object lib/CMakeFiles/open_amp-static.dir/common/firmware.c.obj
[ 26%] Building C object lib/CMakeFiles/open_amp-static.dir/virtio/virtio.c.obj
[ 33%] Building C object lib/CMakeFiles/open_amp-static.dir/virtio/virtqueue.c.obj
[ 40%] Building C object lib/CMakeFiles/open_amp-static.dir/rpmsg/remote_device.c.obj
[ 46%] Building C object lib/CMakeFiles/open_amp-static.dir/rpmsg/rpmsg.c.obj
[ 53%] Building C object lib/CMakeFiles/open_amp-static.dir/rpmsg/rpmsg_core.c.obj
[ 60%] Building C object lib/CMakeFiles/open_amp-static.dir/remoteproc/elf_loader.c.obj
[ 66%] Building C object lib/CMakeFiles/open_amp-static.dir/remoteproc/remoteproc.c.obj
[ 73%] Building C object lib/CMakeFiles/open_amp-static.dir/remoteproc/remoteproc_loader.c.obj
[ 80%] Building C object lib/CMakeFiles/open_amp-static.dir/remoteproc/rsc_table_parser.c.obj
[ 86%] Building C object lib/CMakeFiles/open_amp-static.dir/remoteproc/drivers/zynqmp_remoteproc_a53.c.obj
[ 93%] Building C object lib/CMakeFiles/open_amp-static.dir/proxy/rpmsg_retarget.c.obj
[100%] Linking C static library libopen_amp.a
/opt/vivado_2018.2/SDK/2018.2/gnu/armr5/lin/gcc-arm-none-eabi/bin/armr5-none-eabi-ar cq libopen_amp.a  CMakeFiles/open_amp-static.dir/common/hil.c.obj CMakeFiles/open_amp-static.dir/common/sh_mem.c.obj CMakeFiles/open_amp-static.dir/common/firmware.c.obj CMakeFiles/open_amp-static.dir/virtio/virtio.c.obj CMakeFiles/open_amp-static.dir/virtio/virtqueue.c.obj CMakeFiles/open_amp-static.dir/rpmsg/remote_device.c.obj CMakeFiles/open_amp-static.dir/rpmsg/rpmsg.c.obj CMakeFiles/open_amp-static.dir/rpmsg/rpmsg_core.c.obj CMakeFiles/open_amp-static.dir/remoteproc/elf_loader.c.obj CMakeFiles/open_amp-static.dir/remoteproc/remoteproc.c.obj CMakeFiles/open_amp-static.dir/remoteproc/remoteproc_loader.c.obj CMakeFiles/open_amp-static.dir/remoteproc/rsc_table_parser.c.obj CMakeFiles/open_amp-static.dir/remoteproc/drivers/zynqmp_remoteproc_a53.c.obj CMakeFiles/open_amp-static.dir/proxy/rpmsg_retarget.c.obj
/opt/vivado_2018.2/SDK/2018.2/gnu/armr5/lin/gcc-arm-none-eabi/bin/armr5-none-eabi-ranlib libopen_amp.a
[100%] Built target open_amp-static
Install the project...
-- Install configuration: "Debug"
-- Installing: ../../../lib/libopen_amp.a
-- Up-to-date: ../../../include/openamp
-- Installing: ../../../include/openamp/sh_mem.h
-- Installing: ../../../include/openamp/open_amp.h
-- Installing: ../../../include/openamp/rpmsg_core.h
-- Installing: ../../../include/openamp/elf_loader.h
-- Installing: ../../../include/openamp/hil.h
-- Installing: ../../../include/openamp/compiler.h
-- Installing: ../../../include/openamp/remoteproc.h
-- Installing: ../../../include/openamp/rpmsg_retarget.h
-- Installing: ../../../include/openamp/firmware.h
-- Installing: ../../../include/openamp/env.h
-- Installing: ../../../include/openamp/remoteproc_loader.h
-- Installing: ../../../include/openamp/virtio_ring.h
-- Installing: ../../../include/openamp/rsc_table_parser.h
-- Installing: ../../../include/openamp/rpmsg.h
-- Installing: ../../../include/openamp/virtio.h
-- Installing: ../../../include/openamp/virtqueue.h
Running Make libs in psu_cortexr5_0/libsrc/standalone_v6_7/src
make -C psu_cortexr5_0/libsrc/standalone_v6_7/src -s libs  "SHELL=/bin/sh" "COMPILER=armr5-none-eabi-gcc" "ARCHIVER=armr5-none-eabi-ar" "COMPILER_FLAGS=  -O2 -c -mcpu=cortex-r5" "EXTRA_COMPILER_FLAGS=-g -DARMR5 -Wall -Wextra -mfloat-abi=hard -mfpu=vfpv3-d16 -DUNDEFINE_FILE_OPS"
Compiling standalone R5
In file included from sleep.c:63:0:
xtime_l.h:82:9: note: #pragma message: For the sleep routines, TTC3 is used if present else the assembly instructions are called
 #pragma message ("For the sleep routines, TTC3 is used if present else the assembly instructions are called")
         ^~~~~~~
In file included from xtime_l.c:67:0:
xtime_l.h:82:9: note: #pragma message: For the sleep routines, TTC3 is used if present else the assembly instructions are called
 #pragma message ("For the sleep routines, TTC3 is used if present else the assembly instructions are called")
         ^~~~~~~
In file included from xil_sleeptimer.c:55:0:
xtime_l.h:82:9: note: #pragma message: For the sleep routines, TTC3 is used if present else the assembly instructions are called
 #pragma message ("For the sleep routines, TTC3 is used if present else the assembly instructions are called")
         ^~~~~~~
In file included from usleep.c:65:0:
xtime_l.h:82:9: note: #pragma message: For the sleep routines, TTC3 is used if present else the assembly instructions are called
 #pragma message ("For the sleep routines, TTC3 is used if present else the assembly instructions are called")
         ^~~~~~~
Running Make libs in psu_cortexr5_0/libsrc/zdma_v1_5/src
make -C psu_cortexr5_0/libsrc/zdma_v1_5/src -s libs  "SHELL=/bin/sh" "COMPILER=armr5-none-eabi-gcc" "ARCHIVER=armr5-none-eabi-ar" "COMPILER_FLAGS=  -O2 -c -mcpu=cortex-r5" "EXTRA_COMPILER_FLAGS=-g -DARMR5 -Wall -Wextra -mfloat-abi=hard -mfpu=vfpv3-d16 -DUNDEFINE_FILE_OPS"
Compiling zdma
Running Make libs in psu_cortexr5_0/libsrc/ipipsu_v2_3/src
make -C psu_cortexr5_0/libsrc/ipipsu_v2_3/src -s libs  "SHELL=/bin/sh" "COMPILER=armr5-none-eabi-gcc" "ARCHIVER=armr5-none-eabi-ar" "COMPILER_FLAGS=  -O2 -c -mcpu=cortex-r5" "EXTRA_COMPILER_FLAGS=-g -DARMR5 -Wall -Wextra -mfloat-abi=hard -mfpu=vfpv3-d16 -DUNDEFINE_FILE_OPS"
Compiling ipipsu
Running Make libs in psu_cortexr5_0/libsrc/gpiops_v3_3/src
make -C psu_cortexr5_0/libsrc/gpiops_v3_3/src -s libs  "SHELL=/bin/sh" "COMPILER=armr5-none-eabi-gcc" "ARCHIVER=armr5-none-eabi-ar" "COMPILER_FLAGS=  -O2 -c -mcpu=cortex-r5" "EXTRA_COMPILER_FLAGS=-g -DARMR5 -Wall -Wextra -mfloat-abi=hard -mfpu=vfpv3-d16 -DUNDEFINE_FILE_OPS"
Compiling gpiops
Running Make libs in psu_cortexr5_0/libsrc/scugic_v3_9/src
make -C psu_cortexr5_0/libsrc/scugic_v3_9/src -s libs  "SHELL=/bin/sh" "COMPILER=armr5-none-eabi-gcc" "ARCHIVER=armr5-none-eabi-ar" "COMPILER_FLAGS=  -O2 -c -mcpu=cortex-r5" "EXTRA_COMPILER_FLAGS=-g -DARMR5 -Wall -Wextra -mfloat-abi=hard -mfpu=vfpv3-d16 -DUNDEFINE_FILE_OPS"
Compiling scugic
Running Make libs in psu_cortexr5_0/libsrc/uartps_v3_6/src
make -C psu_cortexr5_0/libsrc/uartps_v3_6/src -s libs  "SHELL=/bin/sh" "COMPILER=armr5-none-eabi-gcc" "ARCHIVER=armr5-none-eabi-ar" "COMPILER_FLAGS=  -O2 -c -mcpu=cortex-r5" "EXTRA_COMPILER_FLAGS=-g -DARMR5 -Wall -Wextra -mfloat-abi=hard -mfpu=vfpv3-d16 -DUNDEFINE_FILE_OPS"
Compiling uartps
Running Make libs in psu_cortexr5_0/libsrc/avbuf_v2_2/src
make -C psu_cortexr5_0/libsrc/avbuf_v2_2/src -s libs  "SHELL=/bin/sh" "COMPILER=armr5-none-eabi-gcc" "ARCHIVER=armr5-none-eabi-ar" "COMPILER_FLAGS=  -O2 -c -mcpu=cortex-r5" "EXTRA_COMPILER_FLAGS=-g -DARMR5 -Wall -Wextra -mfloat-abi=hard -mfpu=vfpv3-d16 -DUNDEFINE_FILE_OPS"
Compiling avbuf
Running Make libs in psu_cortexr5_0/libsrc/dpdma_v1_1/src
make -C psu_cortexr5_0/libsrc/dpdma_v1_1/src -s libs  "SHELL=/bin/sh" "COMPILER=armr5-none-eabi-gcc" "ARCHIVER=armr5-none-eabi-ar" "COMPILER_FLAGS=  -O2 -c -mcpu=cortex-r5" "EXTRA_COMPILER_FLAGS=-g -DARMR5 -Wall -Wextra -mfloat-abi=hard -mfpu=vfpv3-d16 -DUNDEFINE_FILE_OPS"
Compiling dpdma
Running Make libs in psu_cortexr5_0/libsrc/iicps_v3_7/src
make -C psu_cortexr5_0/libsrc/iicps_v3_7/src -s libs  "SHELL=/bin/sh" "COMPILER=armr5-none-eabi-gcc" "ARCHIVER=armr5-none-eabi-ar" "COMPILER_FLAGS=  -O2 -c -mcpu=cortex-r5" "EXTRA_COMPILER_FLAGS=-g -DARMR5 -Wall -Wextra -mfloat-abi=hard -mfpu=vfpv3-d16 -DUNDEFINE_FILE_OPS"
Compiling iicps
Running Make libs in psu_cortexr5_0/libsrc/resetps_v1_1/src
make -C psu_cortexr5_0/libsrc/resetps_v1_1/src -s libs  "SHELL=/bin/sh" "COMPILER=armr5-none-eabi-gcc" "ARCHIVER=armr5-none-eabi-ar" "COMPILER_FLAGS=  -O2 -c -mcpu=cortex-r5" "EXTRA_COMPILER_FLAGS=-g -DARMR5 -Wall -Wextra -mfloat-abi=hard -mfpu=vfpv3-d16 -DUNDEFINE_FILE_OPS"
Compiling resetps
xresetps.c: In function 'XResetPs_ResetAssert':
xresetps.c:762:12: warning: comparison is always false due to limited range of data type [-Wtype-limits]
   (ResetID < XRESETPS_RSTID_START)) {
            ^
xresetps.c: In function 'XResetPs_ResetDeassert':
xresetps.c:820:12: warning: comparison is always false due to limited range of data type [-Wtype-limits]
   (ResetID < XRESETPS_RSTID_START)) {
            ^
xresetps.c: In function 'XResetPs_ResetPulse':
xresetps.c:877:12: warning: comparison is always false due to limited range of data type [-Wtype-limits]
   (ResetID < XRESETPS_RSTID_START)) {
            ^
xresetps.c: In function 'XResetPs_ResetStatus':
xresetps.c:982:12: warning: comparison is always false due to limited range of data type [-Wtype-limits]
   (ResetID < XRESETPS_RSTID_START)) {
            ^
Running Make libs in psu_cortexr5_0/libsrc/libmetal_v1_4/src
make -C psu_cortexr5_0/libsrc/libmetal_v1_4/src -s libs  "SHELL=/bin/sh" "COMPILER=armr5-none-eabi-gcc" "ARCHIVER=armr5-none-eabi-ar" "COMPILER_FLAGS=  -O2 -c -mcpu=cortex-r5" "EXTRA_COMPILER_FLAGS=-g -DARMR5 -Wall -Wextra -mfloat-abi=hard -mfpu=vfpv3-d16 -DUNDEFINE_FILE_OPS"
Scanning dependencies of target metal-static
[  5%] Building C object lib/CMakeFiles/metal-static.dir/dma.c.obj
[ 11%] Building C object lib/CMakeFiles/metal-static.dir/device.c.obj
[ 16%] Building C object lib/CMakeFiles/metal-static.dir/init.c.obj
[ 22%] Building C object lib/CMakeFiles/metal-static.dir/io.c.obj
[ 27%] Building C object lib/CMakeFiles/metal-static.dir/log.c.obj
[ 33%] Building C object lib/CMakeFiles/metal-static.dir/shmem.c.obj
[ 38%] Building C object lib/CMakeFiles/metal-static.dir/version.c.obj
[ 44%] Building C object lib/CMakeFiles/metal-static.dir/system/generic/cache.c.obj
[ 50%] Building C object lib/CMakeFiles/metal-static.dir/system/generic/condition.c.obj
[ 55%] Building C object lib/CMakeFiles/metal-static.dir/system/generic/device.c.obj
[ 61%] Building C object lib/CMakeFiles/metal-static.dir/system/generic/init.c.obj
[ 66%] Building C object lib/CMakeFiles/metal-static.dir/system/generic/io.c.obj
[ 72%] Building C object lib/CMakeFiles/metal-static.dir/system/generic/irq.c.obj
[ 77%] Building C object lib/CMakeFiles/metal-static.dir/system/generic/shmem.c.obj
[ 83%] Building C object lib/CMakeFiles/metal-static.dir/system/generic/sleep.c.obj
[ 88%] Building C object lib/CMakeFiles/metal-static.dir/system/generic/time.c.obj
[ 94%] Building C object lib/CMakeFiles/metal-static.dir/system/generic/zynqmp_r5/sys.c.obj
[100%] Linking C static library libmetal.a
/opt/vivado_2018.2/SDK/2018.2/gnu/armr5/lin/gcc-arm-none-eabi/bin/armr5-none-eabi-ar cq libmetal.a  CMakeFiles/metal-static.dir/dma.c.obj CMakeFiles/metal-static.dir/device.c.obj CMakeFiles/metal-static.dir/init.c.obj CMakeFiles/metal-static.dir/io.c.obj CMakeFiles/metal-static.dir/log.c.obj CMakeFiles/metal-static.dir/shmem.c.obj CMakeFiles/metal-static.dir/version.c.obj CMakeFiles/metal-static.dir/system/generic/cache.c.obj CMakeFiles/metal-static.dir/system/generic/condition.c.obj CMakeFiles/metal-static.dir/system/generic/device.c.obj CMakeFiles/metal-static.dir/system/generic/init.c.obj CMakeFiles/metal-static.dir/system/generic/io.c.obj CMakeFiles/metal-static.dir/system/generic/irq.c.obj CMakeFiles/metal-static.dir/system/generic/shmem.c.obj CMakeFiles/metal-static.dir/system/generic/sleep.c.obj CMakeFiles/metal-static.dir/system/generic/time.c.obj CMakeFiles/metal-static.dir/system/generic/zynqmp_r5/sys.c.obj
/opt/vivado_2018.2/SDK/2018.2/gnu/armr5/lin/gcc-arm-none-eabi/bin/armr5-none-eabi-ranlib libmetal.a
[100%] Built target metal-static
Install the project...
-- Install configuration: "Debug"
-- Installing: ../../../include/metal/alloc.h
-- Installing: ../../../include/metal/atomic.h
-- Installing: ../../../include/metal/cache.h
-- Installing: ../../../include/metal/compiler.h
-- Installing: ../../../include/metal/condition.h
-- Installing: ../../../include/metal/config.h
-- Installing: ../../../include/metal/cpu.h
-- Installing: ../../../include/metal/device.h
-- Installing: ../../../include/metal/dma.h
-- Installing: ../../../include/metal/io.h
-- Installing: ../../../include/metal/irq.h
-- Installing: ../../../include/metal/list.h
-- Installing: ../../../include/metal/log.h
-- Installing: ../../../include/metal/mutex.h
-- Installing: ../../../include/metal/shmem.h
-- Installing: ../../../include/metal/sleep.h
-- Installing: ../../../include/metal/spinlock.h
-- Installing: ../../../include/metal/sys.h
-- Installing: ../../../include/metal/time.h
-- Installing: ../../../include/metal/utilities.h
-- Installing: ../../../include/metal/version.h
-- Installing: ../../../include/metal/compiler/gcc/atomic.h
-- Installing: ../../../include/metal/compiler/gcc/compiler.h
-- Installing: ../../../include/metal/processor/arm/atomic.h
-- Installing: ../../../include/metal/processor/arm/cpu.h
-- Installing: ../../../include/metal/system/generic/alloc.h
-- Installing: ../../../include/metal/system/generic/condition.h
-- Installing: ../../../include/metal/system/generic/io.h
-- Installing: ../../../include/metal/system/generic/irq.h
-- Installing: ../../../include/metal/system/generic/mutex.h
-- Installing: ../../../include/metal/system/generic/sys.h
-- Installing: ../../../include/metal/system/generic/zynqmp_r5/sys.h
-- Installing: ../../../lib/libmetal.a
Running Make libs in psu_cortexr5_0/libsrc/wdtps_v3_0/src
make -C psu_cortexr5_0/libsrc/wdtps_v3_0/src -s libs  "SHELL=/bin/sh" "COMPILER=armr5-none-eabi-gcc" "ARCHIVER=armr5-none-eabi-ar" "COMPILER_FLAGS=  -O2 -c -mcpu=cortex-r5" "EXTRA_COMPILER_FLAGS=-g -DARMR5 -Wall -Wextra -mfloat-abi=hard -mfpu=vfpv3-d16 -DUNDEFINE_FILE_OPS"
Compiling wdtps
Running Make libs in psu_cortexr5_0/libsrc/video_common_v4_4/src
make -C psu_cortexr5_0/libsrc/video_common_v4_4/src -s libs  "SHELL=/bin/sh" "COMPILER=armr5-none-eabi-gcc" "ARCHIVER=armr5-none-eabi-ar" "COMPILER_FLAGS=  -O2 -c -mcpu=cortex-r5" "EXTRA_COMPILER_FLAGS=-g -DARMR5 -Wall -Wextra -mfloat-abi=hard -mfpu=vfpv3-d16 -DUNDEFINE_FILE_OPS"
Compiling video_common
Running Make libs in psu_cortexr5_0/libsrc/rtcpsu_v1_5/src
make -C psu_cortexr5_0/libsrc/rtcpsu_v1_5/src -s libs  "SHELL=/bin/sh" "COMPILER=armr5-none-eabi-gcc" "ARCHIVER=armr5-none-eabi-ar" "COMPILER_FLAGS=  -O2 -c -mcpu=cortex-r5" "EXTRA_COMPILER_FLAGS=-g -DARMR5 -Wall -Wextra -mfloat-abi=hard -mfpu=vfpv3-d16 -DUNDEFINE_FILE_OPS"
Compiling rtcpsu
Running Make libs in psu_cortexr5_0/libsrc/ddrcpsu_v1_1/src
make -C psu_cortexr5_0/libsrc/ddrcpsu_v1_1/src -s libs  "SHELL=/bin/sh" "COMPILER=armr5-none-eabi-gcc" "ARCHIVER=armr5-none-eabi-ar" "COMPILER_FLAGS=  -O2 -c -mcpu=cortex-r5" "EXTRA_COMPILER_FLAGS=-g -DARMR5 -Wall -Wextra -mfloat-abi=hard -mfpu=vfpv3-d16 -DUNDEFINE_FILE_OPS"
Compiling ddrcpsu
Running Make libs in psu_cortexr5_0/libsrc/spips_v3_1/src
make -C psu_cortexr5_0/libsrc/spips_v3_1/src -s libs  "SHELL=/bin/sh" "COMPILER=armr5-none-eabi-gcc" "ARCHIVER=armr5-none-eabi-ar" "COMPILER_FLAGS=  -O2 -c -mcpu=cortex-r5" "EXTRA_COMPILER_FLAGS=-g -DARMR5 -Wall -Wextra -mfloat-abi=hard -mfpu=vfpv3-d16 -DUNDEFINE_FILE_OPS"
Compiling spips
Running Make libs in psu_cortexr5_0/libsrc/sysmonpsu_v2_4/src
make -C psu_cortexr5_0/libsrc/sysmonpsu_v2_4/src -s libs  "SHELL=/bin/sh" "COMPILER=armr5-none-eabi-gcc" "ARCHIVER=armr5-none-eabi-ar" "COMPILER_FLAGS=  -O2 -c -mcpu=cortex-r5" "EXTRA_COMPILER_FLAGS=-g -DARMR5 -Wall -Wextra -mfloat-abi=hard -mfpu=vfpv3-d16 -DUNDEFINE_FILE_OPS"
Compiling sysmonpsu
Running Make libs in psu_cortexr5_0/libsrc/ttcps_v3_6/src
make -C psu_cortexr5_0/libsrc/ttcps_v3_6/src -s libs  "SHELL=/bin/sh" "COMPILER=armr5-none-eabi-gcc" "ARCHIVER=armr5-none-eabi-ar" "COMPILER_FLAGS=  -O2 -c -mcpu=cortex-r5" "EXTRA_COMPILER_FLAGS=-g -DARMR5 -Wall -Wextra -mfloat-abi=hard -mfpu=vfpv3-d16 -DUNDEFINE_FILE_OPS"
Compiling ttcps
Running Make libs in psu_cortexr5_0/libsrc/cpu_cortexr5_v1_4/src
make -C psu_cortexr5_0/libsrc/cpu_cortexr5_v1_4/src -s libs  "SHELL=/bin/sh" "COMPILER=armr5-none-eabi-gcc" "ARCHIVER=armr5-none-eabi-ar" "COMPILER_FLAGS=  -O2 -c -mcpu=cortex-r5" "EXTRA_COMPILER_FLAGS=-g -DARMR5 -Wall -Wextra -mfloat-abi=hard -mfpu=vfpv3-d16 -DUNDEFINE_FILE_OPS"
Compiling cpu_cortexr5
Running Make libs in psu_cortexr5_0/libsrc/axipmon_v6_6/src
make -C psu_cortexr5_0/libsrc/axipmon_v6_6/src -s libs  "SHELL=/bin/sh" "COMPILER=armr5-none-eabi-gcc" "ARCHIVER=armr5-none-eabi-ar" "COMPILER_FLAGS=  -O2 -c -mcpu=cortex-r5" "EXTRA_COMPILER_FLAGS=-g -DARMR5 -Wall -Wextra -mfloat-abi=hard -mfpu=vfpv3-d16 -DUNDEFINE_FILE_OPS"
Compiling axipmon
Running Make libs in psu_cortexr5_0/libsrc/sdps_v3_5/src
make -C psu_cortexr5_0/libsrc/sdps_v3_5/src -s libs  "SHELL=/bin/sh" "COMPILER=armr5-none-eabi-gcc" "ARCHIVER=armr5-none-eabi-ar" "COMPILER_FLAGS=  -O2 -c -mcpu=cortex-r5" "EXTRA_COMPILER_FLAGS=-g -DARMR5 -Wall -Wextra -mfloat-abi=hard -mfpu=vfpv3-d16 -DUNDEFINE_FILE_OPS"
Compiling sdps
Running Make libs in psu_cortexr5_0/libsrc/coresightps_dcc_v1_4/src
make -C psu_cortexr5_0/libsrc/coresightps_dcc_v1_4/src -s libs  "SHELL=/bin/sh" "COMPILER=armr5-none-eabi-gcc" "ARCHIVER=armr5-none-eabi-ar" "COMPILER_FLAGS=  -O2 -c -mcpu=cortex-r5" "EXTRA_COMPILER_FLAGS=-g -DARMR5 -Wall -Wextra -mfloat-abi=hard -mfpu=vfpv3-d16 -DUNDEFINE_FILE_OPS"
Compiling coresightps_dcc
Running Make libs in psu_cortexr5_0/libsrc/usbpsu_v1_4/src
make -C psu_cortexr5_0/libsrc/usbpsu_v1_4/src -s libs  "SHELL=/bin/sh" "COMPILER=armr5-none-eabi-gcc" "ARCHIVER=armr5-none-eabi-ar" "COMPILER_FLAGS=  -O2 -c -mcpu=cortex-r5" "EXTRA_COMPILER_FLAGS=-g -DARMR5 -Wall -Wextra -mfloat-abi=hard -mfpu=vfpv3-d16 -DUNDEFINE_FILE_OPS"
Compiling usbpsu
Finished building libraries
14:22:21 **** Build of configuration Debug for project amp_test ****
make all 
Building file: ../src/echo_test.c
Invoking: ARM R5 gcc compiler
armr5-none-eabi-gcc -DARMR5 -Wall -O0 -g3 -c -fmessage-length=0 -MT"src/echo_test.o" -mcpu=cortex-r5 -mfloat-abi=hard  -mfpu=vfpv3-d16 -I../../amp_test_bsp/psu_cortexr5_0/include -MMD -MP -MF"src/echo_test.d" -MT"src/echo_test.o" -o "src/echo_test.o" "../src/echo_test.c"
Finished building: ../src/echo_test.c
 
Building file: ../src/helper.c
Invoking: ARM R5 gcc compiler
armr5-none-eabi-gcc -DARMR5 -Wall -O0 -g3 -c -fmessage-length=0 -MT"src/helper.o" -mcpu=cortex-r5 -mfloat-abi=hard  -mfpu=vfpv3-d16 -I../../amp_test_bsp/psu_cortexr5_0/include -MMD -MP -MF"src/helper.d" -MT"src/helper.o" -o "src/helper.o" "../src/helper.c"
Finished building: ../src/helper.c
 
Building file: ../src/platform_info.c
Invoking: ARM R5 gcc compiler
armr5-none-eabi-gcc -DARMR5 -Wall -O0 -g3 -c -fmessage-length=0 -MT"src/platform_info.o" -mcpu=cortex-r5 -mfloat-abi=hard  -mfpu=vfpv3-d16 -I../../amp_test_bsp/psu_cortexr5_0/include -MMD -MP -MF"src/platform_info.d" -MT"src/platform_info.o" -o "src/platform_info.o" "../src/platform_info.c"
Finished building: ../src/platform_info.c
 
Building file: ../src/rsc_table.c
Invoking: ARM R5 gcc compiler
armr5-none-eabi-gcc -DARMR5 -Wall -O0 -g3 -c -fmessage-length=0 -MT"src/rsc_table.o" -mcpu=cortex-r5 -mfloat-abi=hard  -mfpu=vfpv3-d16 -I../../amp_test_bsp/psu_cortexr5_0/include -MMD -MP -MF"src/rsc_table.d" -MT"src/rsc_table.o" -o "src/rsc_table.o" "../src/rsc_table.c"
Finished building: ../src/rsc_table.c
 
Building target: amp_test.elf
Invoking: ARM R5 gcc linker
armr5-none-eabi-gcc -Wl,-T -Wl,../src/lscript.ld -L../../amp_test_bsp/psu_cortexr5_0/lib -o "amp_test.elf"  ./src/echo_test.o ./src/helper.o ./src/platform_info.o ./src/rsc_table.o   -Wl,--start-group,-lxil,-lgcc,-lc,--end-group -Wl,--start-group,-lxil,-lmetal,-lopen_amp,-lgcc,-lc,--end-group -Wl,--start-group,-lxil,-lmetal,-lgcc,-lc,--end-group -mcpu=cortex-r5 -mfloat-abi=hard -mfpu=vfpv3-d16
Finished building target: amp_test.elf
 
Invoking: ARM R5 Print Size
armr5-none-eabi-size amp_test.elf  |tee "amp_test.elf.size"
   text	   data	    bss	    dec	    hex	filename
  78448	   4616	  31304	 114368	  1bec0	amp_test.elf
Finished building: amp_test.elf.size
 
14:23:02 **** Auto Build of project amp_test_bsp ****
make -k all 
Running Make include in psu_cortexr5_0/libsrc/csudma_v1_2/src
make -C psu_cortexr5_0/libsrc/csudma_v1_2/src -s include  "SHELL=/bin/sh" "COMPILER=armr5-none-eabi-gcc" "ARCHIVER=armr5-none-eabi-ar" "COMPILER_FLAGS=  -O2 -c -mcpu=cortex-r5" "EXTRA_COMPILER_FLAGS=-g -DARMR5 -Wall -Wextra -mfloat-abi=hard -mfpu=vfpv3-d16 -DUNDEFINE_FILE_OPS -DUSE_AMP=1"
Running Make include in psu_cortexr5_0/libsrc/openamp_v1_5/src
make -C psu_cortexr5_0/libsrc/openamp_v1_5/src -s include  "SHELL=/bin/sh" "COMPILER=armr5-none-eabi-gcc" "ARCHIVER=armr5-none-eabi-ar" "COMPILER_FLAGS=  -O2 -c -mcpu=cortex-r5" "EXTRA_COMPILER_FLAGS=-g -DARMR5 -Wall -Wextra -mfloat-abi=hard -mfpu=vfpv3-d16 -DUNDEFINE_FILE_OPS -DUSE_AMP=1"
Running Make include in psu_cortexr5_0/libsrc/standalone_v6_7/src
make -C psu_cortexr5_0/libsrc/standalone_v6_7/src -s include  "SHELL=/bin/sh" "COMPILER=armr5-none-eabi-gcc" "ARCHIVER=armr5-none-eabi-ar" "COMPILER_FLAGS=  -O2 -c -mcpu=cortex-r5" "EXTRA_COMPILER_FLAGS=-g -DARMR5 -Wall -Wextra -mfloat-abi=hard -mfpu=vfpv3-d16 -DUNDEFINE_FILE_OPS -DUSE_AMP=1"
Running Make include in psu_cortexr5_0/libsrc/zdma_v1_5/src
make -C psu_cortexr5_0/libsrc/zdma_v1_5/src -s include  "SHELL=/bin/sh" "COMPILER=armr5-none-eabi-gcc" "ARCHIVER=armr5-none-eabi-ar" "COMPILER_FLAGS=  -O2 -c -mcpu=cortex-r5" "EXTRA_COMPILER_FLAGS=-g -DARMR5 -Wall -Wextra -mfloat-abi=hard -mfpu=vfpv3-d16 -DUNDEFINE_FILE_OPS -DUSE_AMP=1"
Running Make include in psu_cortexr5_0/libsrc/ipipsu_v2_3/src
make -C psu_cortexr5_0/libsrc/ipipsu_v2_3/src -s include  "SHELL=/bin/sh" "COMPILER=armr5-none-eabi-gcc" "ARCHIVER=armr5-none-eabi-ar" "COMPILER_FLAGS=  -O2 -c -mcpu=cortex-r5" "EXTRA_COMPILER_FLAGS=-g -DARMR5 -Wall -Wextra -mfloat-abi=hard -mfpu=vfpv3-d16 -DUNDEFINE_FILE_OPS -DUSE_AMP=1"
Running Make include in psu_cortexr5_0/libsrc/gpiops_v3_3/src
make -C psu_cortexr5_0/libsrc/gpiops_v3_3/src -s include  "SHELL=/bin/sh" "COMPILER=armr5-none-eabi-gcc" "ARCHIVER=armr5-none-eabi-ar" "COMPILER_FLAGS=  -O2 -c -mcpu=cortex-r5" "EXTRA_COMPILER_FLAGS=-g -DARMR5 -Wall -Wextra -mfloat-abi=hard -mfpu=vfpv3-d16 -DUNDEFINE_FILE_OPS -DUSE_AMP=1"
Running Make include in psu_cortexr5_0/libsrc/scugic_v3_9/src
make -C psu_cortexr5_0/libsrc/scugic_v3_9/src -s include  "SHELL=/bin/sh" "COMPILER=armr5-none-eabi-gcc" "ARCHIVER=armr5-none-eabi-ar" "COMPILER_FLAGS=  -O2 -c -mcpu=cortex-r5" "EXTRA_COMPILER_FLAGS=-g -DARMR5 -Wall -Wextra -mfloat-abi=hard -mfpu=vfpv3-d16 -DUNDEFINE_FILE_OPS -DUSE_AMP=1"
Running Make include in psu_cortexr5_0/libsrc/uartps_v3_6/src
make -C psu_cortexr5_0/libsrc/uartps_v3_6/src -s include  "SHELL=/bin/sh" "COMPILER=armr5-none-eabi-gcc" "ARCHIVER=armr5-none-eabi-ar" "COMPILER_FLAGS=  -O2 -c -mcpu=cortex-r5" "EXTRA_COMPILER_FLAGS=-g -DARMR5 -Wall -Wextra -mfloat-abi=hard -mfpu=vfpv3-d16 -DUNDEFINE_FILE_OPS -DUSE_AMP=1"
Running Make include in psu_cortexr5_0/libsrc/avbuf_v2_2/src
make -C psu_cortexr5_0/libsrc/avbuf_v2_2/src -s include  "SHELL=/bin/sh" "COMPILER=armr5-none-eabi-gcc" "ARCHIVER=armr5-none-eabi-ar" "COMPILER_FLAGS=  -O2 -c -mcpu=cortex-r5" "EXTRA_COMPILER_FLAGS=-g -DARMR5 -Wall -Wextra -mfloat-abi=hard -mfpu=vfpv3-d16 -DUNDEFINE_FILE_OPS -DUSE_AMP=1"
Running Make include in psu_cortexr5_0/libsrc/dpdma_v1_1/src
make -C psu_cortexr5_0/libsrc/dpdma_v1_1/src -s include  "SHELL=/bin/sh" "COMPILER=armr5-none-eabi-gcc" "ARCHIVER=armr5-none-eabi-ar" "COMPILER_FLAGS=  -O2 -c -mcpu=cortex-r5" "EXTRA_COMPILER_FLAGS=-g -DARMR5 -Wall -Wextra -mfloat-abi=hard -mfpu=vfpv3-d16 -DUNDEFINE_FILE_OPS -DUSE_AMP=1"
Running Make include in psu_cortexr5_0/libsrc/iicps_v3_7/src
make -C psu_cortexr5_0/libsrc/iicps_v3_7/src -s include  "SHELL=/bin/sh" "COMPILER=armr5-none-eabi-gcc" "ARCHIVER=armr5-none-eabi-ar" "COMPILER_FLAGS=  -O2 -c -mcpu=cortex-r5" "EXTRA_COMPILER_FLAGS=-g -DARMR5 -Wall -Wextra -mfloat-abi=hard -mfpu=vfpv3-d16 -DUNDEFINE_FILE_OPS -DUSE_AMP=1"
Running Make include in psu_cortexr5_0/libsrc/resetps_v1_1/src
make -C psu_cortexr5_0/libsrc/resetps_v1_1/src -s include  "SHELL=/bin/sh" "COMPILER=armr5-none-eabi-gcc" "ARCHIVER=armr5-none-eabi-ar" "COMPILER_FLAGS=  -O2 -c -mcpu=cortex-r5" "EXTRA_COMPILER_FLAGS=-g -DARMR5 -Wall -Wextra -mfloat-abi=hard -mfpu=vfpv3-d16 -DUNDEFINE_FILE_OPS -DUSE_AMP=1"
Running Make include in psu_cortexr5_0/libsrc/libmetal_v1_4/src
make -C psu_cortexr5_0/libsrc/libmetal_v1_4/src -s include  "SHELL=/bin/sh" "COMPILER=armr5-none-eabi-gcc" "ARCHIVER=armr5-none-eabi-ar" "COMPILER_FLAGS=  -O2 -c -mcpu=cortex-r5" "EXTRA_COMPILER_FLAGS=-g -DARMR5 -Wall -Wextra -mfloat-abi=hard -mfpu=vfpv3-d16 -DUNDEFINE_FILE_OPS -DUSE_AMP=1"
Running Make include in psu_cortexr5_0/libsrc/wdtps_v3_0/src
make -C psu_cortexr5_0/libsrc/wdtps_v3_0/src -s include  "SHELL=/bin/sh" "COMPILER=armr5-none-eabi-gcc" "ARCHIVER=armr5-none-eabi-ar" "COMPILER_FLAGS=  -O2 -c -mcpu=cortex-r5" "EXTRA_COMPILER_FLAGS=-g -DARMR5 -Wall -Wextra -mfloat-abi=hard -mfpu=vfpv3-d16 -DUNDEFINE_FILE_OPS -DUSE_AMP=1"
Running Make include in psu_cortexr5_0/libsrc/video_common_v4_4/src
make -C psu_cortexr5_0/libsrc/video_common_v4_4/src -s include  "SHELL=/bin/sh" "COMPILER=armr5-none-eabi-gcc" "ARCHIVER=armr5-none-eabi-ar" "COMPILER_FLAGS=  -O2 -c -mcpu=cortex-r5" "EXTRA_COMPILER_FLAGS=-g -DARMR5 -Wall -Wextra -mfloat-abi=hard -mfpu=vfpv3-d16 -DUNDEFINE_FILE_OPS -DUSE_AMP=1"
Running Make include in psu_cortexr5_0/libsrc/rtcpsu_v1_5/src
make -C psu_cortexr5_0/libsrc/rtcpsu_v1_5/src -s include  "SHELL=/bin/sh" "COMPILER=armr5-none-eabi-gcc" "ARCHIVER=armr5-none-eabi-ar" "COMPILER_FLAGS=  -O2 -c -mcpu=cortex-r5" "EXTRA_COMPILER_FLAGS=-g -DARMR5 -Wall -Wextra -mfloat-abi=hard -mfpu=vfpv3-d16 -DUNDEFINE_FILE_OPS -DUSE_AMP=1"
Running Make include in psu_cortexr5_0/libsrc/ddrcpsu_v1_1/src
make -C psu_cortexr5_0/libsrc/ddrcpsu_v1_1/src -s include  "SHELL=/bin/sh" "COMPILER=armr5-none-eabi-gcc" "ARCHIVER=armr5-none-eabi-ar" "COMPILER_FLAGS=  -O2 -c -mcpu=cortex-r5" "EXTRA_COMPILER_FLAGS=-g -DARMR5 -Wall -Wextra -mfloat-abi=hard -mfpu=vfpv3-d16 -DUNDEFINE_FILE_OPS -DUSE_AMP=1"
Running Make include in psu_cortexr5_0/libsrc/spips_v3_1/src
make -C psu_cortexr5_0/libsrc/spips_v3_1/src -s include  "SHELL=/bin/sh" "COMPILER=armr5-none-eabi-gcc" "ARCHIVER=armr5-none-eabi-ar" "COMPILER_FLAGS=  -O2 -c -mcpu=cortex-r5" "EXTRA_COMPILER_FLAGS=-g -DARMR5 -Wall -Wextra -mfloat-abi=hard -mfpu=vfpv3-d16 -DUNDEFINE_FILE_OPS -DUSE_AMP=1"
Running Make include in psu_cortexr5_0/libsrc/sysmonpsu_v2_4/src
make -C psu_cortexr5_0/libsrc/sysmonpsu_v2_4/src -s include  "SHELL=/bin/sh" "COMPILER=armr5-none-eabi-gcc" "ARCHIVER=armr5-none-eabi-ar" "COMPILER_FLAGS=  -O2 -c -mcpu=cortex-r5" "EXTRA_COMPILER_FLAGS=-g -DARMR5 -Wall -Wextra -mfloat-abi=hard -mfpu=vfpv3-d16 -DUNDEFINE_FILE_OPS -DUSE_AMP=1"
Running Make include in psu_cortexr5_0/libsrc/ttcps_v3_6/src
make -C psu_cortexr5_0/libsrc/ttcps_v3_6/src -s include  "SHELL=/bin/sh" "COMPILER=armr5-none-eabi-gcc" "ARCHIVER=armr5-none-eabi-ar" "COMPILER_FLAGS=  -O2 -c -mcpu=cortex-r5" "EXTRA_COMPILER_FLAGS=-g -DARMR5 -Wall -Wextra -mfloat-abi=hard -mfpu=vfpv3-d16 -DUNDEFINE_FILE_OPS -DUSE_AMP=1"
Running Make include in psu_cortexr5_0/libsrc/cpu_cortexr5_v1_4/src
make -C psu_cortexr5_0/libsrc/cpu_cortexr5_v1_4/src -s include  "SHELL=/bin/sh" "COMPILER=armr5-none-eabi-gcc" "ARCHIVER=armr5-none-eabi-ar" "COMPILER_FLAGS=  -O2 -c -mcpu=cortex-r5" "EXTRA_COMPILER_FLAGS=-g -DARMR5 -Wall -Wextra -mfloat-abi=hard -mfpu=vfpv3-d16 -DUNDEFINE_FILE_OPS -DUSE_AMP=1"
Running Make include in psu_cortexr5_0/libsrc/axipmon_v6_6/src
make -C psu_cortexr5_0/libsrc/axipmon_v6_6/src -s include  "SHELL=/bin/sh" "COMPILER=armr5-none-eabi-gcc" "ARCHIVER=armr5-none-eabi-ar" "COMPILER_FLAGS=  -O2 -c -mcpu=cortex-r5" "EXTRA_COMPILER_FLAGS=-g -DARMR5 -Wall -Wextra -mfloat-abi=hard -mfpu=vfpv3-d16 -DUNDEFINE_FILE_OPS -DUSE_AMP=1"
Running Make include in psu_cortexr5_0/libsrc/sdps_v3_5/src
make -C psu_cortexr5_0/libsrc/sdps_v3_5/src -s include  "SHELL=/bin/sh" "COMPILER=armr5-none-eabi-gcc" "ARCHIVER=armr5-none-eabi-ar" "COMPILER_FLAGS=  -O2 -c -mcpu=cortex-r5" "EXTRA_COMPILER_FLAGS=-g -DARMR5 -Wall -Wextra -mfloat-abi=hard -mfpu=vfpv3-d16 -DUNDEFINE_FILE_OPS -DUSE_AMP=1"
Running Make include in psu_cortexr5_0/libsrc/coresightps_dcc_v1_4/src
make -C psu_cortexr5_0/libsrc/coresightps_dcc_v1_4/src -s include  "SHELL=/bin/sh" "COMPILER=armr5-none-eabi-gcc" "ARCHIVER=armr5-none-eabi-ar" "COMPILER_FLAGS=  -O2 -c -mcpu=cortex-r5" "EXTRA_COMPILER_FLAGS=-g -DARMR5 -Wall -Wextra -mfloat-abi=hard -mfpu=vfpv3-d16 -DUNDEFINE_FILE_OPS -DUSE_AMP=1"
Running Make include in psu_cortexr5_0/libsrc/usbpsu_v1_4/src
make -C psu_cortexr5_0/libsrc/usbpsu_v1_4/src -s include  "SHELL=/bin/sh" "COMPILER=armr5-none-eabi-gcc" "ARCHIVER=armr5-none-eabi-ar" "COMPILER_FLAGS=  -O2 -c -mcpu=cortex-r5" "EXTRA_COMPILER_FLAGS=-g -DARMR5 -Wall -Wextra -mfloat-abi=hard -mfpu=vfpv3-d16 -DUNDEFINE_FILE_OPS -DUSE_AMP=1"
Running Make libs in psu_cortexr5_0/libsrc/csudma_v1_2/src
make -C psu_cortexr5_0/libsrc/csudma_v1_2/src -s libs  "SHELL=/bin/sh" "COMPILER=armr5-none-eabi-gcc" "ARCHIVER=armr5-none-eabi-ar" "COMPILER_FLAGS=  -O2 -c -mcpu=cortex-r5" "EXTRA_COMPILER_FLAGS=-g -DARMR5 -Wall -Wextra -mfloat-abi=hard -mfpu=vfpv3-d16 -DUNDEFINE_FILE_OPS -DUSE_AMP=1"
Compiling csudma
armr5-none-eabi-ar: creating ../../../lib/libxil.a
Running Make libs in psu_cortexr5_0/libsrc/openamp_v1_5/src
make -C psu_cortexr5_0/libsrc/openamp_v1_5/src -s libs  "SHELL=/bin/sh" "COMPILER=armr5-none-eabi-gcc" "ARCHIVER=armr5-none-eabi-ar" "COMPILER_FLAGS=  -O2 -c -mcpu=cortex-r5" "EXTRA_COMPILER_FLAGS=-g -DARMR5 -Wall -Wextra -mfloat-abi=hard -mfpu=vfpv3-d16 -DUNDEFINE_FILE_OPS -DUSE_AMP=1"
Scanning dependencies of target open_amp-static
[  6%] Building C object lib/CMakeFiles/open_amp-static.dir/common/hil.c.obj
[ 13%] Building C object lib/CMakeFiles/open_amp-static.dir/common/sh_mem.c.obj
[ 20%] Building C object lib/CMakeFiles/open_amp-static.dir/common/firmware.c.obj
[ 26%] Building C object lib/CMakeFiles/open_amp-static.dir/virtio/virtio.c.obj
[ 33%] Building C object lib/CMakeFiles/open_amp-static.dir/virtio/virtqueue.c.obj
[ 40%] Building C object lib/CMakeFiles/open_amp-static.dir/rpmsg/remote_device.c.obj
[ 46%] Building C object lib/CMakeFiles/open_amp-static.dir/rpmsg/rpmsg.c.obj
[ 53%] Building C object lib/CMakeFiles/open_amp-static.dir/rpmsg/rpmsg_core.c.obj
[ 60%] Building C object lib/CMakeFiles/open_amp-static.dir/remoteproc/elf_loader.c.obj
[ 66%] Building C object lib/CMakeFiles/open_amp-static.dir/remoteproc/remoteproc.c.obj
[ 73%] Building C object lib/CMakeFiles/open_amp-static.dir/remoteproc/remoteproc_loader.c.obj
[ 80%] Building C object lib/CMakeFiles/open_amp-static.dir/remoteproc/rsc_table_parser.c.obj
[ 86%] Building C object lib/CMakeFiles/open_amp-static.dir/remoteproc/drivers/zynqmp_remoteproc_a53.c.obj
[ 93%] Building C object lib/CMakeFiles/open_amp-static.dir/proxy/rpmsg_retarget.c.obj
[100%] Linking C static library libopen_amp.a
/opt/vivado_2018.2/SDK/2018.2/gnu/armr5/lin/gcc-arm-none-eabi/bin/armr5-none-eabi-ar cq libopen_amp.a  CMakeFiles/open_amp-static.dir/common/hil.c.obj CMakeFiles/open_amp-static.dir/common/sh_mem.c.obj CMakeFiles/open_amp-static.dir/common/firmware.c.obj CMakeFiles/open_amp-static.dir/virtio/virtio.c.obj CMakeFiles/open_amp-static.dir/virtio/virtqueue.c.obj CMakeFiles/open_amp-static.dir/rpmsg/remote_device.c.obj CMakeFiles/open_amp-static.dir/rpmsg/rpmsg.c.obj CMakeFiles/open_amp-static.dir/rpmsg/rpmsg_core.c.obj CMakeFiles/open_amp-static.dir/remoteproc/elf_loader.c.obj CMakeFiles/open_amp-static.dir/remoteproc/remoteproc.c.obj CMakeFiles/open_amp-static.dir/remoteproc/remoteproc_loader.c.obj CMakeFiles/open_amp-static.dir/remoteproc/rsc_table_parser.c.obj CMakeFiles/open_amp-static.dir/remoteproc/drivers/zynqmp_remoteproc_a53.c.obj CMakeFiles/open_amp-static.dir/proxy/rpmsg_retarget.c.obj
/opt/vivado_2018.2/SDK/2018.2/gnu/armr5/lin/gcc-arm-none-eabi/bin/armr5-none-eabi-ranlib libopen_amp.a
[100%] Built target open_amp-static
Install the project...
-- Install configuration: "Debug"
-- Installing: ../../../lib/libopen_amp.a
-- Up-to-date: ../../../include/openamp
-- Installing: ../../../include/openamp/sh_mem.h
-- Installing: ../../../include/openamp/open_amp.h
-- Installing: ../../../include/openamp/rpmsg_core.h
-- Installing: ../../../include/openamp/elf_loader.h
-- Installing: ../../../include/openamp/hil.h
-- Installing: ../../../include/openamp/compiler.h
-- Installing: ../../../include/openamp/remoteproc.h
-- Installing: ../../../include/openamp/rpmsg_retarget.h
-- Installing: ../../../include/openamp/firmware.h
-- Installing: ../../../include/openamp/env.h
-- Installing: ../../../include/openamp/remoteproc_loader.h
-- Installing: ../../../include/openamp/virtio_ring.h
-- Installing: ../../../include/openamp/rsc_table_parser.h
-- Installing: ../../../include/openamp/rpmsg.h
-- Installing: ../../../include/openamp/virtio.h
-- Installing: ../../../include/openamp/virtqueue.h
Running Make libs in psu_cortexr5_0/libsrc/standalone_v6_7/src
make -C psu_cortexr5_0/libsrc/standalone_v6_7/src -s libs  "SHELL=/bin/sh" "COMPILER=armr5-none-eabi-gcc" "ARCHIVER=armr5-none-eabi-ar" "COMPILER_FLAGS=  -O2 -c -mcpu=cortex-r5" "EXTRA_COMPILER_FLAGS=-g -DARMR5 -Wall -Wextra -mfloat-abi=hard -mfpu=vfpv3-d16 -DUNDEFINE_FILE_OPS -DUSE_AMP=1"
Compiling standalone R5
In file included from sleep.c:63:0:
xtime_l.h:82:9: note: #pragma message: For the sleep routines, TTC3 is used if present else the assembly instructions are called
 #pragma message ("For the sleep routines, TTC3 is used if present else the assembly instructions are called")
         ^~~~~~~
In file included from xtime_l.c:67:0:
xtime_l.h:82:9: note: #pragma message: For the sleep routines, TTC3 is used if present else the assembly instructions are called
 #pragma message ("For the sleep routines, TTC3 is used if present else the assembly instructions are called")
         ^~~~~~~
In file included from xil_sleeptimer.c:55:0:
xtime_l.h:82:9: note: #pragma message: For the sleep routines, TTC3 is used if present else the assembly instructions are called
 #pragma message ("For the sleep routines, TTC3 is used if present else the assembly instructions are called")
         ^~~~~~~
In file included from usleep.c:65:0:
xtime_l.h:82:9: note: #pragma message: For the sleep routines, TTC3 is used if present else the assembly instructions are called
 #pragma message ("For the sleep routines, TTC3 is used if present else the assembly instructions are called")
         ^~~~~~~
Running Make libs in psu_cortexr5_0/libsrc/zdma_v1_5/src
make -C psu_cortexr5_0/libsrc/zdma_v1_5/src -s libs  "SHELL=/bin/sh" "COMPILER=armr5-none-eabi-gcc" "ARCHIVER=armr5-none-eabi-ar" "COMPILER_FLAGS=  -O2 -c -mcpu=cortex-r5" "EXTRA_COMPILER_FLAGS=-g -DARMR5 -Wall -Wextra -mfloat-abi=hard -mfpu=vfpv3-d16 -DUNDEFINE_FILE_OPS -DUSE_AMP=1"
Compiling zdma
Running Make libs in psu_cortexr5_0/libsrc/ipipsu_v2_3/src
make -C psu_cortexr5_0/libsrc/ipipsu_v2_3/src -s libs  "SHELL=/bin/sh" "COMPILER=armr5-none-eabi-gcc" "ARCHIVER=armr5-none-eabi-ar" "COMPILER_FLAGS=  -O2 -c -mcpu=cortex-r5" "EXTRA_COMPILER_FLAGS=-g -DARMR5 -Wall -Wextra -mfloat-abi=hard -mfpu=vfpv3-d16 -DUNDEFINE_FILE_OPS -DUSE_AMP=1"
Compiling ipipsu
Running Make libs in psu_cortexr5_0/libsrc/gpiops_v3_3/src
make -C psu_cortexr5_0/libsrc/gpiops_v3_3/src -s libs  "SHELL=/bin/sh" "COMPILER=armr5-none-eabi-gcc" "ARCHIVER=armr5-none-eabi-ar" "COMPILER_FLAGS=  -O2 -c -mcpu=cortex-r5" "EXTRA_COMPILER_FLAGS=-g -DARMR5 -Wall -Wextra -mfloat-abi=hard -mfpu=vfpv3-d16 -DUNDEFINE_FILE_OPS -DUSE_AMP=1"
Compiling gpiops
Running Make libs in psu_cortexr5_0/libsrc/scugic_v3_9/src
make -C psu_cortexr5_0/libsrc/scugic_v3_9/src -s libs  "SHELL=/bin/sh" "COMPILER=armr5-none-eabi-gcc" "ARCHIVER=armr5-none-eabi-ar" "COMPILER_FLAGS=  -O2 -c -mcpu=cortex-r5" "EXTRA_COMPILER_FLAGS=-g -DARMR5 -Wall -Wextra -mfloat-abi=hard -mfpu=vfpv3-d16 -DUNDEFINE_FILE_OPS -DUSE_AMP=1"
Compiling scugic
xscugic_hw.c: In function 'DistInit':
xscugic_hw.c:126:3: warning: #warning "Building GIC for AMP" [-Wcpp]
  #warning "Building GIC for AMP"
   ^~~~~~~
Running Make libs in psu_cortexr5_0/libsrc/uartps_v3_6/src
make -C psu_cortexr5_0/libsrc/uartps_v3_6/src -s libs  "SHELL=/bin/sh" "COMPILER=armr5-none-eabi-gcc" "ARCHIVER=armr5-none-eabi-ar" "COMPILER_FLAGS=  -O2 -c -mcpu=cortex-r5" "EXTRA_COMPILER_FLAGS=-g -DARMR5 -Wall -Wextra -mfloat-abi=hard -mfpu=vfpv3-d16 -DUNDEFINE_FILE_OPS -DUSE_AMP=1"
Compiling uartps
Running Make libs in psu_cortexr5_0/libsrc/avbuf_v2_2/src
make -C psu_cortexr5_0/libsrc/avbuf_v2_2/src -s libs  "SHELL=/bin/sh" "COMPILER=armr5-none-eabi-gcc" "ARCHIVER=armr5-none-eabi-ar" "COMPILER_FLAGS=  -O2 -c -mcpu=cortex-r5" "EXTRA_COMPILER_FLAGS=-g -DARMR5 -Wall -Wextra -mfloat-abi=hard -mfpu=vfpv3-d16 -DUNDEFINE_FILE_OPS -DUSE_AMP=1"
Compiling avbuf
Running Make libs in psu_cortexr5_0/libsrc/dpdma_v1_1/src
make -C psu_cortexr5_0/libsrc/dpdma_v1_1/src -s libs  "SHELL=/bin/sh" "COMPILER=armr5-none-eabi-gcc" "ARCHIVER=armr5-none-eabi-ar" "COMPILER_FLAGS=  -O2 -c -mcpu=cortex-r5" "EXTRA_COMPILER_FLAGS=-g -DARMR5 -Wall -Wextra -mfloat-abi=hard -mfpu=vfpv3-d16 -DUNDEFINE_FILE_OPS -DUSE_AMP=1"
Compiling dpdma
Running Make libs in psu_cortexr5_0/libsrc/iicps_v3_7/src
make -C psu_cortexr5_0/libsrc/iicps_v3_7/src -s libs  "SHELL=/bin/sh" "COMPILER=armr5-none-eabi-gcc" "ARCHIVER=armr5-none-eabi-ar" "COMPILER_FLAGS=  -O2 -c -mcpu=cortex-r5" "EXTRA_COMPILER_FLAGS=-g -DARMR5 -Wall -Wextra -mfloat-abi=hard -mfpu=vfpv3-d16 -DUNDEFINE_FILE_OPS -DUSE_AMP=1"
Compiling iicps
Running Make libs in psu_cortexr5_0/libsrc/resetps_v1_1/src
make -C psu_cortexr5_0/libsrc/resetps_v1_1/src -s libs  "SHELL=/bin/sh" "COMPILER=armr5-none-eabi-gcc" "ARCHIVER=armr5-none-eabi-ar" "COMPILER_FLAGS=  -O2 -c -mcpu=cortex-r5" "EXTRA_COMPILER_FLAGS=-g -DARMR5 -Wall -Wextra -mfloat-abi=hard -mfpu=vfpv3-d16 -DUNDEFINE_FILE_OPS -DUSE_AMP=1"
Compiling resetps
xresetps.c: In function 'XResetPs_ResetAssert':
xresetps.c:762:12: warning: comparison is always false due to limited range of data type [-Wtype-limits]
   (ResetID < XRESETPS_RSTID_START)) {
            ^
xresetps.c: In function 'XResetPs_ResetDeassert':
xresetps.c:820:12: warning: comparison is always false due to limited range of data type [-Wtype-limits]
   (ResetID < XRESETPS_RSTID_START)) {
            ^
xresetps.c: In function 'XResetPs_ResetPulse':
xresetps.c:877:12: warning: comparison is always false due to limited range of data type [-Wtype-limits]
   (ResetID < XRESETPS_RSTID_START)) {
            ^
xresetps.c: In function 'XResetPs_ResetStatus':
xresetps.c:982:12: warning: comparison is always false due to limited range of data type [-Wtype-limits]
   (ResetID < XRESETPS_RSTID_START)) {
            ^
Running Make libs in psu_cortexr5_0/libsrc/libmetal_v1_4/src
make -C psu_cortexr5_0/libsrc/libmetal_v1_4/src -s libs  "SHELL=/bin/sh" "COMPILER=armr5-none-eabi-gcc" "ARCHIVER=armr5-none-eabi-ar" "COMPILER_FLAGS=  -O2 -c -mcpu=cortex-r5" "EXTRA_COMPILER_FLAGS=-g -DARMR5 -Wall -Wextra -mfloat-abi=hard -mfpu=vfpv3-d16 -DUNDEFINE_FILE_OPS -DUSE_AMP=1"
Scanning dependencies of target metal-static
[  5%] Building C object lib/CMakeFiles/metal-static.dir/dma.c.obj
[ 11%] Building C object lib/CMakeFiles/metal-static.dir/device.c.obj
[ 16%] Building C object lib/CMakeFiles/metal-static.dir/init.c.obj
[ 22%] Building C object lib/CMakeFiles/metal-static.dir/io.c.obj
[ 27%] Building C object lib/CMakeFiles/metal-static.dir/log.c.obj
[ 33%] Building C object lib/CMakeFiles/metal-static.dir/shmem.c.obj
[ 38%] Building C object lib/CMakeFiles/metal-static.dir/version.c.obj
[ 44%] Building C object lib/CMakeFiles/metal-static.dir/system/generic/cache.c.obj
[ 50%] Building C object lib/CMakeFiles/metal-static.dir/system/generic/condition.c.obj
[ 55%] Building C object lib/CMakeFiles/metal-static.dir/system/generic/device.c.obj
[ 61%] Building C object lib/CMakeFiles/metal-static.dir/system/generic/init.c.obj
[ 66%] Building C object lib/CMakeFiles/metal-static.dir/system/generic/io.c.obj
[ 72%] Building C object lib/CMakeFiles/metal-static.dir/system/generic/irq.c.obj
[ 77%] Building C object lib/CMakeFiles/metal-static.dir/system/generic/shmem.c.obj
[ 83%] Building C object lib/CMakeFiles/metal-static.dir/system/generic/sleep.c.obj
[ 88%] Building C object lib/CMakeFiles/metal-static.dir/system/generic/time.c.obj
[ 94%] Building C object lib/CMakeFiles/metal-static.dir/system/generic/zynqmp_r5/sys.c.obj
[100%] Linking C static library libmetal.a
/opt/vivado_2018.2/SDK/2018.2/gnu/armr5/lin/gcc-arm-none-eabi/bin/armr5-none-eabi-ar cq libmetal.a  CMakeFiles/metal-static.dir/dma.c.obj CMakeFiles/metal-static.dir/device.c.obj CMakeFiles/metal-static.dir/init.c.obj CMakeFiles/metal-static.dir/io.c.obj CMakeFiles/metal-static.dir/log.c.obj CMakeFiles/metal-static.dir/shmem.c.obj CMakeFiles/metal-static.dir/version.c.obj CMakeFiles/metal-static.dir/system/generic/cache.c.obj CMakeFiles/metal-static.dir/system/generic/condition.c.obj CMakeFiles/metal-static.dir/system/generic/device.c.obj CMakeFiles/metal-static.dir/system/generic/init.c.obj CMakeFiles/metal-static.dir/system/generic/io.c.obj CMakeFiles/metal-static.dir/system/generic/irq.c.obj CMakeFiles/metal-static.dir/system/generic/shmem.c.obj CMakeFiles/metal-static.dir/system/generic/sleep.c.obj CMakeFiles/metal-static.dir/system/generic/time.c.obj CMakeFiles/metal-static.dir/system/generic/zynqmp_r5/sys.c.obj
/opt/vivado_2018.2/SDK/2018.2/gnu/armr5/lin/gcc-arm-none-eabi/bin/armr5-none-eabi-ranlib libmetal.a
[100%] Built target metal-static
Install the project...
-- Install configuration: "Debug"
-- Installing: ../../../include/metal/alloc.h
-- Installing: ../../../include/metal/atomic.h
-- Installing: ../../../include/metal/cache.h
-- Installing: ../../../include/metal/compiler.h
-- Installing: ../../../include/metal/condition.h
-- Installing: ../../../include/metal/config.h
-- Installing: ../../../include/metal/cpu.h
-- Installing: ../../../include/metal/device.h
-- Installing: ../../../include/metal/dma.h
-- Installing: ../../../include/metal/io.h
-- Installing: ../../../include/metal/irq.h
-- Installing: ../../../include/metal/list.h
-- Installing: ../../../include/metal/log.h
-- Installing: ../../../include/metal/mutex.h
-- Installing: ../../../include/metal/shmem.h
-- Installing: ../../../include/metal/sleep.h
-- Installing: ../../../include/metal/spinlock.h
-- Installing: ../../../include/metal/sys.h
-- Installing: ../../../include/metal/time.h
-- Installing: ../../../include/metal/utilities.h
-- Installing: ../../../include/metal/version.h
-- Installing: ../../../include/metal/compiler/gcc/atomic.h
-- Installing: ../../../include/metal/compiler/gcc/compiler.h
-- Installing: ../../../include/metal/processor/arm/atomic.h
-- Installing: ../../../include/metal/processor/arm/cpu.h
-- Installing: ../../../include/metal/system/generic/alloc.h
-- Installing: ../../../include/metal/system/generic/condition.h
-- Installing: ../../../include/metal/system/generic/io.h
-- Installing: ../../../include/metal/system/generic/irq.h
-- Installing: ../../../include/metal/system/generic/mutex.h
-- Installing: ../../../include/metal/system/generic/sys.h
-- Installing: ../../../include/metal/system/generic/zynqmp_r5/sys.h
-- Installing: ../../../lib/libmetal.a
Running Make libs in psu_cortexr5_0/libsrc/wdtps_v3_0/src
make -C psu_cortexr5_0/libsrc/wdtps_v3_0/src -s libs  "SHELL=/bin/sh" "COMPILER=armr5-none-eabi-gcc" "ARCHIVER=armr5-none-eabi-ar" "COMPILER_FLAGS=  -O2 -c -mcpu=cortex-r5" "EXTRA_COMPILER_FLAGS=-g -DARMR5 -Wall -Wextra -mfloat-abi=hard -mfpu=vfpv3-d16 -DUNDEFINE_FILE_OPS -DUSE_AMP=1"
Compiling wdtps
Running Make libs in psu_cortexr5_0/libsrc/video_common_v4_4/src
make -C psu_cortexr5_0/libsrc/video_common_v4_4/src -s libs  "SHELL=/bin/sh" "COMPILER=armr5-none-eabi-gcc" "ARCHIVER=armr5-none-eabi-ar" "COMPILER_FLAGS=  -O2 -c -mcpu=cortex-r5" "EXTRA_COMPILER_FLAGS=-g -DARMR5 -Wall -Wextra -mfloat-abi=hard -mfpu=vfpv3-d16 -DUNDEFINE_FILE_OPS -DUSE_AMP=1"
Compiling video_common
Running Make libs in psu_cortexr5_0/libsrc/rtcpsu_v1_5/src
make -C psu_cortexr5_0/libsrc/rtcpsu_v1_5/src -s libs  "SHELL=/bin/sh" "COMPILER=armr5-none-eabi-gcc" "ARCHIVER=armr5-none-eabi-ar" "COMPILER_FLAGS=  -O2 -c -mcpu=cortex-r5" "EXTRA_COMPILER_FLAGS=-g -DARMR5 -Wall -Wextra -mfloat-abi=hard -mfpu=vfpv3-d16 -DUNDEFINE_FILE_OPS -DUSE_AMP=1"
Compiling rtcpsu
Running Make libs in psu_cortexr5_0/libsrc/ddrcpsu_v1_1/src
make -C psu_cortexr5_0/libsrc/ddrcpsu_v1_1/src -s libs  "SHELL=/bin/sh" "COMPILER=armr5-none-eabi-gcc" "ARCHIVER=armr5-none-eabi-ar" "COMPILER_FLAGS=  -O2 -c -mcpu=cortex-r5" "EXTRA_COMPILER_FLAGS=-g -DARMR5 -Wall -Wextra -mfloat-abi=hard -mfpu=vfpv3-d16 -DUNDEFINE_FILE_OPS -DUSE_AMP=1"
Compiling ddrcpsu
Running Make libs in psu_cortexr5_0/libsrc/spips_v3_1/src
make -C psu_cortexr5_0/libsrc/spips_v3_1/src -s libs  "SHELL=/bin/sh" "COMPILER=armr5-none-eabi-gcc" "ARCHIVER=armr5-none-eabi-ar" "COMPILER_FLAGS=  -O2 -c -mcpu=cortex-r5" "EXTRA_COMPILER_FLAGS=-g -DARMR5 -Wall -Wextra -mfloat-abi=hard -mfpu=vfpv3-d16 -DUNDEFINE_FILE_OPS -DUSE_AMP=1"
Compiling spips
Running Make libs in psu_cortexr5_0/libsrc/sysmonpsu_v2_4/src
make -C psu_cortexr5_0/libsrc/sysmonpsu_v2_4/src -s libs  "SHELL=/bin/sh" "COMPILER=armr5-none-eabi-gcc" "ARCHIVER=armr5-none-eabi-ar" "COMPILER_FLAGS=  -O2 -c -mcpu=cortex-r5" "EXTRA_COMPILER_FLAGS=-g -DARMR5 -Wall -Wextra -mfloat-abi=hard -mfpu=vfpv3-d16 -DUNDEFINE_FILE_OPS -DUSE_AMP=1"
Compiling sysmonpsu
Running Make libs in psu_cortexr5_0/libsrc/ttcps_v3_6/src
make -C psu_cortexr5_0/libsrc/ttcps_v3_6/src -s libs  "SHELL=/bin/sh" "COMPILER=armr5-none-eabi-gcc" "ARCHIVER=armr5-none-eabi-ar" "COMPILER_FLAGS=  -O2 -c -mcpu=cortex-r5" "EXTRA_COMPILER_FLAGS=-g -DARMR5 -Wall -Wextra -mfloat-abi=hard -mfpu=vfpv3-d16 -DUNDEFINE_FILE_OPS -DUSE_AMP=1"
Compiling ttcps
Running Make libs in psu_cortexr5_0/libsrc/cpu_cortexr5_v1_4/src
make -C psu_cortexr5_0/libsrc/cpu_cortexr5_v1_4/src -s libs  "SHELL=/bin/sh" "COMPILER=armr5-none-eabi-gcc" "ARCHIVER=armr5-none-eabi-ar" "COMPILER_FLAGS=  -O2 -c -mcpu=cortex-r5" "EXTRA_COMPILER_FLAGS=-g -DARMR5 -Wall -Wextra -mfloat-abi=hard -mfpu=vfpv3-d16 -DUNDEFINE_FILE_OPS -DUSE_AMP=1"
Compiling cpu_cortexr5
Running Make libs in psu_cortexr5_0/libsrc/axipmon_v6_6/src
make -C psu_cortexr5_0/libsrc/axipmon_v6_6/src -s libs  "SHELL=/bin/sh" "COMPILER=armr5-none-eabi-gcc" "ARCHIVER=armr5-none-eabi-ar" "COMPILER_FLAGS=  -O2 -c -mcpu=cortex-r5" "EXTRA_COMPILER_FLAGS=-g -DARMR5 -Wall -Wextra -mfloat-abi=hard -mfpu=vfpv3-d16 -DUNDEFINE_FILE_OPS -DUSE_AMP=1"
Compiling axipmon
Running Make libs in psu_cortexr5_0/libsrc/sdps_v3_5/src
make -C psu_cortexr5_0/libsrc/sdps_v3_5/src -s libs  "SHELL=/bin/sh" "COMPILER=armr5-none-eabi-gcc" "ARCHIVER=armr5-none-eabi-ar" "COMPILER_FLAGS=  -O2 -c -mcpu=cortex-r5" "EXTRA_COMPILER_FLAGS=-g -DARMR5 -Wall -Wextra -mfloat-abi=hard -mfpu=vfpv3-d16 -DUNDEFINE_FILE_OPS -DUSE_AMP=1"
Compiling sdps
Running Make libs in psu_cortexr5_0/libsrc/coresightps_dcc_v1_4/src
make -C psu_cortexr5_0/libsrc/coresightps_dcc_v1_4/src -s libs  "SHELL=/bin/sh" "COMPILER=armr5-none-eabi-gcc" "ARCHIVER=armr5-none-eabi-ar" "COMPILER_FLAGS=  -O2 -c -mcpu=cortex-r5" "EXTRA_COMPILER_FLAGS=-g -DARMR5 -Wall -Wextra -mfloat-abi=hard -mfpu=vfpv3-d16 -DUNDEFINE_FILE_OPS -DUSE_AMP=1"
Compiling coresightps_dcc
Running Make libs in psu_cortexr5_0/libsrc/usbpsu_v1_4/src
make -C psu_cortexr5_0/libsrc/usbpsu_v1_4/src -s libs  "SHELL=/bin/sh" "COMPILER=armr5-none-eabi-gcc" "ARCHIVER=armr5-none-eabi-ar" "COMPILER_FLAGS=  -O2 -c -mcpu=cortex-r5" "EXTRA_COMPILER_FLAGS=-g -DARMR5 -Wall -Wextra -mfloat-abi=hard -mfpu=vfpv3-d16 -DUNDEFINE_FILE_OPS -DUSE_AMP=1"
Compiling usbpsu
Finished building libraries
14:23:09 **** Auto Build of configuration Debug for project amp_test ****
make all 
Building file: ../src/echo_test.c
Invoking: ARM R5 gcc compiler
armr5-none-eabi-gcc -DARMR5 -Wall -O0 -g3 -c -fmessage-length=0 -MT"src/echo_test.o" -mcpu=cortex-r5 -mfloat-abi=hard  -mfpu=vfpv3-d16 -I../../amp_test_bsp/psu_cortexr5_0/include -MMD -MP -MF"src/echo_test.d" -MT"src/echo_test.o" -o "src/echo_test.o" "../src/echo_test.c"
Finished building: ../src/echo_test.c
 
Building file: ../src/helper.c
Invoking: ARM R5 gcc compiler
armr5-none-eabi-gcc -DARMR5 -Wall -O0 -g3 -c -fmessage-length=0 -MT"src/helper.o" -mcpu=cortex-r5 -mfloat-abi=hard  -mfpu=vfpv3-d16 -I../../amp_test_bsp/psu_cortexr5_0/include -MMD -MP -MF"src/helper.d" -MT"src/helper.o" -o "src/helper.o" "../src/helper.c"
Finished building: ../src/helper.c
 
Building file: ../src/platform_info.c
Invoking: ARM R5 gcc compiler
armr5-none-eabi-gcc -DARMR5 -Wall -O0 -g3 -c -fmessage-length=0 -MT"src/platform_info.o" -mcpu=cortex-r5 -mfloat-abi=hard  -mfpu=vfpv3-d16 -I../../amp_test_bsp/psu_cortexr5_0/include -MMD -MP -MF"src/platform_info.d" -MT"src/platform_info.o" -o "src/platform_info.o" "../src/platform_info.c"
Finished building: ../src/platform_info.c
 
Building file: ../src/rsc_table.c
Invoking: ARM R5 gcc compiler
armr5-none-eabi-gcc -DARMR5 -Wall -O0 -g3 -c -fmessage-length=0 -MT"src/rsc_table.o" -mcpu=cortex-r5 -mfloat-abi=hard  -mfpu=vfpv3-d16 -I../../amp_test_bsp/psu_cortexr5_0/include -MMD -MP -MF"src/rsc_table.d" -MT"src/rsc_table.o" -o "src/rsc_table.o" "../src/rsc_table.c"
Finished building: ../src/rsc_table.c
 
Building target: amp_test.elf
Invoking: ARM R5 gcc linker
armr5-none-eabi-gcc -Wl,-T -Wl,../src/lscript.ld -L../../amp_test_bsp/psu_cortexr5_0/lib -o "amp_test.elf"  ./src/echo_test.o ./src/helper.o ./src/platform_info.o ./src/rsc_table.o   -Wl,--start-group,-lxil,-lgcc,-lc,--end-group -Wl,--start-group,-lxil,-lmetal,-lopen_amp,-lgcc,-lc,--end-group -Wl,--start-group,-lxil,-lmetal,-lgcc,-lc,--end-group -mcpu=cortex-r5 -mfloat-abi=hard -mfpu=vfpv3-d16
Finished building target: amp_test.elf
 
Invoking: ARM R5 Print Size
armr5-none-eabi-size amp_test.elf  |tee "amp_test.elf.size"
   text	   data	    bss	    dec	    hex	filename
  78456	   4616	  31304	 114376	  1bec8	amp_test.elf
Finished building: amp_test.elf.size
 
09:57:48 **** Auto Build of project amp_test_bsp ****
make -k all 
Running Make include in psu_cortexr5_0/libsrc/csudma_v1_2/src
make -C psu_cortexr5_0/libsrc/csudma_v1_2/src -s include  "SHELL=/bin/sh" "COMPILER=armr5-none-eabi-gcc" "ARCHIVER=armr5-none-eabi-ar" "COMPILER_FLAGS=  -O2 -c -mcpu=cortex-r5" "EXTRA_COMPILER_FLAGS=-g -DARMR5 -Wall -Wextra -mfloat-abi=hard -mfpu=vfpv3-d16 -DUNDEFINE_FILE_OPS -DUSE_AMP=1"
Running Make include in psu_cortexr5_0/libsrc/openamp_v1_5/src
make -C psu_cortexr5_0/libsrc/openamp_v1_5/src -s include  "SHELL=/bin/sh" "COMPILER=armr5-none-eabi-gcc" "ARCHIVER=armr5-none-eabi-ar" "COMPILER_FLAGS=  -O2 -c -mcpu=cortex-r5" "EXTRA_COMPILER_FLAGS=-g -DARMR5 -Wall -Wextra -mfloat-abi=hard -mfpu=vfpv3-d16 -DUNDEFINE_FILE_OPS -DUSE_AMP=1"
Running Make include in psu_cortexr5_0/libsrc/standalone_v6_7/src
make -C psu_cortexr5_0/libsrc/standalone_v6_7/src -s include  "SHELL=/bin/sh" "COMPILER=armr5-none-eabi-gcc" "ARCHIVER=armr5-none-eabi-ar" "COMPILER_FLAGS=  -O2 -c -mcpu=cortex-r5" "EXTRA_COMPILER_FLAGS=-g -DARMR5 -Wall -Wextra -mfloat-abi=hard -mfpu=vfpv3-d16 -DUNDEFINE_FILE_OPS -DUSE_AMP=1"
Running Make include in psu_cortexr5_0/libsrc/zdma_v1_5/src
make -C psu_cortexr5_0/libsrc/zdma_v1_5/src -s include  "SHELL=/bin/sh" "COMPILER=armr5-none-eabi-gcc" "ARCHIVER=armr5-none-eabi-ar" "COMPILER_FLAGS=  -O2 -c -mcpu=cortex-r5" "EXTRA_COMPILER_FLAGS=-g -DARMR5 -Wall -Wextra -mfloat-abi=hard -mfpu=vfpv3-d16 -DUNDEFINE_FILE_OPS -DUSE_AMP=1"
Running Make include in psu_cortexr5_0/libsrc/ipipsu_v2_3/src
make -C psu_cortexr5_0/libsrc/ipipsu_v2_3/src -s include  "SHELL=/bin/sh" "COMPILER=armr5-none-eabi-gcc" "ARCHIVER=armr5-none-eabi-ar" "COMPILER_FLAGS=  -O2 -c -mcpu=cortex-r5" "EXTRA_COMPILER_FLAGS=-g -DARMR5 -Wall -Wextra -mfloat-abi=hard -mfpu=vfpv3-d16 -DUNDEFINE_FILE_OPS -DUSE_AMP=1"
Running Make include in psu_cortexr5_0/libsrc/gpiops_v3_3/src
make -C psu_cortexr5_0/libsrc/gpiops_v3_3/src -s include  "SHELL=/bin/sh" "COMPILER=armr5-none-eabi-gcc" "ARCHIVER=armr5-none-eabi-ar" "COMPILER_FLAGS=  -O2 -c -mcpu=cortex-r5" "EXTRA_COMPILER_FLAGS=-g -DARMR5 -Wall -Wextra -mfloat-abi=hard -mfpu=vfpv3-d16 -DUNDEFINE_FILE_OPS -DUSE_AMP=1"
Running Make include in psu_cortexr5_0/libsrc/scugic_v3_9/src
make -C psu_cortexr5_0/libsrc/scugic_v3_9/src -s include  "SHELL=/bin/sh" "COMPILER=armr5-none-eabi-gcc" "ARCHIVER=armr5-none-eabi-ar" "COMPILER_FLAGS=  -O2 -c -mcpu=cortex-r5" "EXTRA_COMPILER_FLAGS=-g -DARMR5 -Wall -Wextra -mfloat-abi=hard -mfpu=vfpv3-d16 -DUNDEFINE_FILE_OPS -DUSE_AMP=1"
Running Make include in psu_cortexr5_0/libsrc/uartps_v3_6/src
make -C psu_cortexr5_0/libsrc/uartps_v3_6/src -s include  "SHELL=/bin/sh" "COMPILER=armr5-none-eabi-gcc" "ARCHIVER=armr5-none-eabi-ar" "COMPILER_FLAGS=  -O2 -c -mcpu=cortex-r5" "EXTRA_COMPILER_FLAGS=-g -DARMR5 -Wall -Wextra -mfloat-abi=hard -mfpu=vfpv3-d16 -DUNDEFINE_FILE_OPS -DUSE_AMP=1"
Running Make include in psu_cortexr5_0/libsrc/avbuf_v2_2/src
make -C psu_cortexr5_0/libsrc/avbuf_v2_2/src -s include  "SHELL=/bin/sh" "COMPILER=armr5-none-eabi-gcc" "ARCHIVER=armr5-none-eabi-ar" "COMPILER_FLAGS=  -O2 -c -mcpu=cortex-r5" "EXTRA_COMPILER_FLAGS=-g -DARMR5 -Wall -Wextra -mfloat-abi=hard -mfpu=vfpv3-d16 -DUNDEFINE_FILE_OPS -DUSE_AMP=1"
Running Make include in psu_cortexr5_0/libsrc/dpdma_v1_1/src
make -C psu_cortexr5_0/libsrc/dpdma_v1_1/src -s include  "SHELL=/bin/sh" "COMPILER=armr5-none-eabi-gcc" "ARCHIVER=armr5-none-eabi-ar" "COMPILER_FLAGS=  -O2 -c -mcpu=cortex-r5" "EXTRA_COMPILER_FLAGS=-g -DARMR5 -Wall -Wextra -mfloat-abi=hard -mfpu=vfpv3-d16 -DUNDEFINE_FILE_OPS -DUSE_AMP=1"
Running Make include in psu_cortexr5_0/libsrc/iicps_v3_7/src
make -C psu_cortexr5_0/libsrc/iicps_v3_7/src -s include  "SHELL=/bin/sh" "COMPILER=armr5-none-eabi-gcc" "ARCHIVER=armr5-none-eabi-ar" "COMPILER_FLAGS=  -O2 -c -mcpu=cortex-r5" "EXTRA_COMPILER_FLAGS=-g -DARMR5 -Wall -Wextra -mfloat-abi=hard -mfpu=vfpv3-d16 -DUNDEFINE_FILE_OPS -DUSE_AMP=1"
Running Make include in psu_cortexr5_0/libsrc/resetps_v1_1/src
make -C psu_cortexr5_0/libsrc/resetps_v1_1/src -s include  "SHELL=/bin/sh" "COMPILER=armr5-none-eabi-gcc" "ARCHIVER=armr5-none-eabi-ar" "COMPILER_FLAGS=  -O2 -c -mcpu=cortex-r5" "EXTRA_COMPILER_FLAGS=-g -DARMR5 -Wall -Wextra -mfloat-abi=hard -mfpu=vfpv3-d16 -DUNDEFINE_FILE_OPS -DUSE_AMP=1"
Running Make include in psu_cortexr5_0/libsrc/libmetal_v1_4/src
make -C psu_cortexr5_0/libsrc/libmetal_v1_4/src -s include  "SHELL=/bin/sh" "COMPILER=armr5-none-eabi-gcc" "ARCHIVER=armr5-none-eabi-ar" "COMPILER_FLAGS=  -O2 -c -mcpu=cortex-r5" "EXTRA_COMPILER_FLAGS=-g -DARMR5 -Wall -Wextra -mfloat-abi=hard -mfpu=vfpv3-d16 -DUNDEFINE_FILE_OPS -DUSE_AMP=1"
Running Make include in psu_cortexr5_0/libsrc/wdtps_v3_0/src
make -C psu_cortexr5_0/libsrc/wdtps_v3_0/src -s include  "SHELL=/bin/sh" "COMPILER=armr5-none-eabi-gcc" "ARCHIVER=armr5-none-eabi-ar" "COMPILER_FLAGS=  -O2 -c -mcpu=cortex-r5" "EXTRA_COMPILER_FLAGS=-g -DARMR5 -Wall -Wextra -mfloat-abi=hard -mfpu=vfpv3-d16 -DUNDEFINE_FILE_OPS -DUSE_AMP=1"
Running Make include in psu_cortexr5_0/libsrc/video_common_v4_4/src
make -C psu_cortexr5_0/libsrc/video_common_v4_4/src -s include  "SHELL=/bin/sh" "COMPILER=armr5-none-eabi-gcc" "ARCHIVER=armr5-none-eabi-ar" "COMPILER_FLAGS=  -O2 -c -mcpu=cortex-r5" "EXTRA_COMPILER_FLAGS=-g -DARMR5 -Wall -Wextra -mfloat-abi=hard -mfpu=vfpv3-d16 -DUNDEFINE_FILE_OPS -DUSE_AMP=1"
Running Make include in psu_cortexr5_0/libsrc/rtcpsu_v1_5/src
make -C psu_cortexr5_0/libsrc/rtcpsu_v1_5/src -s include  "SHELL=/bin/sh" "COMPILER=armr5-none-eabi-gcc" "ARCHIVER=armr5-none-eabi-ar" "COMPILER_FLAGS=  -O2 -c -mcpu=cortex-r5" "EXTRA_COMPILER_FLAGS=-g -DARMR5 -Wall -Wextra -mfloat-abi=hard -mfpu=vfpv3-d16 -DUNDEFINE_FILE_OPS -DUSE_AMP=1"
Running Make include in psu_cortexr5_0/libsrc/ddrcpsu_v1_1/src
make -C psu_cortexr5_0/libsrc/ddrcpsu_v1_1/src -s include  "SHELL=/bin/sh" "COMPILER=armr5-none-eabi-gcc" "ARCHIVER=armr5-none-eabi-ar" "COMPILER_FLAGS=  -O2 -c -mcpu=cortex-r5" "EXTRA_COMPILER_FLAGS=-g -DARMR5 -Wall -Wextra -mfloat-abi=hard -mfpu=vfpv3-d16 -DUNDEFINE_FILE_OPS -DUSE_AMP=1"
Running Make include in psu_cortexr5_0/libsrc/spips_v3_1/src
make -C psu_cortexr5_0/libsrc/spips_v3_1/src -s include  "SHELL=/bin/sh" "COMPILER=armr5-none-eabi-gcc" "ARCHIVER=armr5-none-eabi-ar" "COMPILER_FLAGS=  -O2 -c -mcpu=cortex-r5" "EXTRA_COMPILER_FLAGS=-g -DARMR5 -Wall -Wextra -mfloat-abi=hard -mfpu=vfpv3-d16 -DUNDEFINE_FILE_OPS -DUSE_AMP=1"
Running Make include in psu_cortexr5_0/libsrc/sysmonpsu_v2_4/src
make -C psu_cortexr5_0/libsrc/sysmonpsu_v2_4/src -s include  "SHELL=/bin/sh" "COMPILER=armr5-none-eabi-gcc" "ARCHIVER=armr5-none-eabi-ar" "COMPILER_FLAGS=  -O2 -c -mcpu=cortex-r5" "EXTRA_COMPILER_FLAGS=-g -DARMR5 -Wall -Wextra -mfloat-abi=hard -mfpu=vfpv3-d16 -DUNDEFINE_FILE_OPS -DUSE_AMP=1"
Running Make include in psu_cortexr5_0/libsrc/ttcps_v3_6/src
make -C psu_cortexr5_0/libsrc/ttcps_v3_6/src -s include  "SHELL=/bin/sh" "COMPILER=armr5-none-eabi-gcc" "ARCHIVER=armr5-none-eabi-ar" "COMPILER_FLAGS=  -O2 -c -mcpu=cortex-r5" "EXTRA_COMPILER_FLAGS=-g -DARMR5 -Wall -Wextra -mfloat-abi=hard -mfpu=vfpv3-d16 -DUNDEFINE_FILE_OPS -DUSE_AMP=1"
Running Make include in psu_cortexr5_0/libsrc/cpu_cortexr5_v1_4/src
make -C psu_cortexr5_0/libsrc/cpu_cortexr5_v1_4/src -s include  "SHELL=/bin/sh" "COMPILER=armr5-none-eabi-gcc" "ARCHIVER=armr5-none-eabi-ar" "COMPILER_FLAGS=  -O2 -c -mcpu=cortex-r5" "EXTRA_COMPILER_FLAGS=-g -DARMR5 -Wall -Wextra -mfloat-abi=hard -mfpu=vfpv3-d16 -DUNDEFINE_FILE_OPS -DUSE_AMP=1"
Running Make include in psu_cortexr5_0/libsrc/axipmon_v6_6/src
make -C psu_cortexr5_0/libsrc/axipmon_v6_6/src -s include  "SHELL=/bin/sh" "COMPILER=armr5-none-eabi-gcc" "ARCHIVER=armr5-none-eabi-ar" "COMPILER_FLAGS=  -O2 -c -mcpu=cortex-r5" "EXTRA_COMPILER_FLAGS=-g -DARMR5 -Wall -Wextra -mfloat-abi=hard -mfpu=vfpv3-d16 -DUNDEFINE_FILE_OPS -DUSE_AMP=1"
Running Make include in psu_cortexr5_0/libsrc/sdps_v3_5/src
make -C psu_cortexr5_0/libsrc/sdps_v3_5/src -s include  "SHELL=/bin/sh" "COMPILER=armr5-none-eabi-gcc" "ARCHIVER=armr5-none-eabi-ar" "COMPILER_FLAGS=  -O2 -c -mcpu=cortex-r5" "EXTRA_COMPILER_FLAGS=-g -DARMR5 -Wall -Wextra -mfloat-abi=hard -mfpu=vfpv3-d16 -DUNDEFINE_FILE_OPS -DUSE_AMP=1"
Running Make include in psu_cortexr5_0/libsrc/coresightps_dcc_v1_4/src
make -C psu_cortexr5_0/libsrc/coresightps_dcc_v1_4/src -s include  "SHELL=/bin/sh" "COMPILER=armr5-none-eabi-gcc" "ARCHIVER=armr5-none-eabi-ar" "COMPILER_FLAGS=  -O2 -c -mcpu=cortex-r5" "EXTRA_COMPILER_FLAGS=-g -DARMR5 -Wall -Wextra -mfloat-abi=hard -mfpu=vfpv3-d16 -DUNDEFINE_FILE_OPS -DUSE_AMP=1"
Running Make include in psu_cortexr5_0/libsrc/usbpsu_v1_4/src
make -C psu_cortexr5_0/libsrc/usbpsu_v1_4/src -s include  "SHELL=/bin/sh" "COMPILER=armr5-none-eabi-gcc" "ARCHIVER=armr5-none-eabi-ar" "COMPILER_FLAGS=  -O2 -c -mcpu=cortex-r5" "EXTRA_COMPILER_FLAGS=-g -DARMR5 -Wall -Wextra -mfloat-abi=hard -mfpu=vfpv3-d16 -DUNDEFINE_FILE_OPS -DUSE_AMP=1"
Running Make libs in psu_cortexr5_0/libsrc/csudma_v1_2/src
make -C psu_cortexr5_0/libsrc/csudma_v1_2/src -s libs  "SHELL=/bin/sh" "COMPILER=armr5-none-eabi-gcc" "ARCHIVER=armr5-none-eabi-ar" "COMPILER_FLAGS=  -O2 -c -mcpu=cortex-r5" "EXTRA_COMPILER_FLAGS=-g -DARMR5 -Wall -Wextra -mfloat-abi=hard -mfpu=vfpv3-d16 -DUNDEFINE_FILE_OPS -DUSE_AMP=1"
Compiling csudma
Running Make libs in psu_cortexr5_0/libsrc/openamp_v1_5/src
make -C psu_cortexr5_0/libsrc/openamp_v1_5/src -s libs  "SHELL=/bin/sh" "COMPILER=armr5-none-eabi-gcc" "ARCHIVER=armr5-none-eabi-ar" "COMPILER_FLAGS=  -O2 -c -mcpu=cortex-r5" "EXTRA_COMPILER_FLAGS=-g -DARMR5 -Wall -Wextra -mfloat-abi=hard -mfpu=vfpv3-d16 -DUNDEFINE_FILE_OPS -DUSE_AMP=1"
[100%] Built target open_amp-static
Install the project...
-- Install configuration: "Debug"
-- Up-to-date: ../../../lib/libopen_amp.a
-- Up-to-date: ../../../include/openamp
-- Installing: ../../../include/openamp/sh_mem.h
-- Installing: ../../../include/openamp/open_amp.h
-- Installing: ../../../include/openamp/rpmsg_core.h
-- Installing: ../../../include/openamp/elf_loader.h
-- Installing: ../../../include/openamp/hil.h
-- Installing: ../../../include/openamp/compiler.h
-- Installing: ../../../include/openamp/remoteproc.h
-- Installing: ../../../include/openamp/rpmsg_retarget.h
-- Installing: ../../../include/openamp/firmware.h
-- Installing: ../../../include/openamp/env.h
-- Installing: ../../../include/openamp/remoteproc_loader.h
-- Installing: ../../../include/openamp/virtio_ring.h
-- Installing: ../../../include/openamp/rsc_table_parser.h
-- Installing: ../../../include/openamp/rpmsg.h
-- Installing: ../../../include/openamp/virtio.h
-- Installing: ../../../include/openamp/virtqueue.h
Running Make libs in psu_cortexr5_0/libsrc/standalone_v6_7/src
make -C psu_cortexr5_0/libsrc/standalone_v6_7/src -s libs  "SHELL=/bin/sh" "COMPILER=armr5-none-eabi-gcc" "ARCHIVER=armr5-none-eabi-ar" "COMPILER_FLAGS=  -O2 -c -mcpu=cortex-r5" "EXTRA_COMPILER_FLAGS=-g -DARMR5 -Wall -Wextra -mfloat-abi=hard -mfpu=vfpv3-d16 -DUNDEFINE_FILE_OPS -DUSE_AMP=1"
Compiling standalone R5
In file included from xtime_l.c:67:0:
xtime_l.h:82:9: note: #pragma message: For the sleep routines, TTC3 is used if present else the assembly instructions are called
 #pragma message ("For the sleep routines, TTC3 is used if present else the assembly instructions are called")
         ^~~~~~~
In file included from xil_sleeptimer.c:55:0:
xtime_l.h:82:9: note: #pragma message: For the sleep routines, TTC3 is used if present else the assembly instructions are called
 #pragma message ("For the sleep routines, TTC3 is used if present else the assembly instructions are called")
         ^~~~~~~
In file included from sleep.c:63:0:
xtime_l.h:82:9: note: #pragma message: For the sleep routines, TTC3 is used if present else the assembly instructions are called
 #pragma message ("For the sleep routines, TTC3 is used if present else the assembly instructions are called")
         ^~~~~~~
In file included from usleep.c:65:0:
xtime_l.h:82:9: note: #pragma message: For the sleep routines, TTC3 is used if present else the assembly instructions are called
 #pragma message ("For the sleep routines, TTC3 is used if present else the assembly instructions are called")
         ^~~~~~~
Running Make libs in psu_cortexr5_0/libsrc/zdma_v1_5/src
make -C psu_cortexr5_0/libsrc/zdma_v1_5/src -s libs  "SHELL=/bin/sh" "COMPILER=armr5-none-eabi-gcc" "ARCHIVER=armr5-none-eabi-ar" "COMPILER_FLAGS=  -O2 -c -mcpu=cortex-r5" "EXTRA_COMPILER_FLAGS=-g -DARMR5 -Wall -Wextra -mfloat-abi=hard -mfpu=vfpv3-d16 -DUNDEFINE_FILE_OPS -DUSE_AMP=1"
Compiling zdma
Running Make libs in psu_cortexr5_0/libsrc/ipipsu_v2_3/src
make -C psu_cortexr5_0/libsrc/ipipsu_v2_3/src -s libs  "SHELL=/bin/sh" "COMPILER=armr5-none-eabi-gcc" "ARCHIVER=armr5-none-eabi-ar" "COMPILER_FLAGS=  -O2 -c -mcpu=cortex-r5" "EXTRA_COMPILER_FLAGS=-g -DARMR5 -Wall -Wextra -mfloat-abi=hard -mfpu=vfpv3-d16 -DUNDEFINE_FILE_OPS -DUSE_AMP=1"
Compiling ipipsu
Running Make libs in psu_cortexr5_0/libsrc/gpiops_v3_3/src
make -C psu_cortexr5_0/libsrc/gpiops_v3_3/src -s libs  "SHELL=/bin/sh" "COMPILER=armr5-none-eabi-gcc" "ARCHIVER=armr5-none-eabi-ar" "COMPILER_FLAGS=  -O2 -c -mcpu=cortex-r5" "EXTRA_COMPILER_FLAGS=-g -DARMR5 -Wall -Wextra -mfloat-abi=hard -mfpu=vfpv3-d16 -DUNDEFINE_FILE_OPS -DUSE_AMP=1"
Compiling gpiops
Running Make libs in psu_cortexr5_0/libsrc/scugic_v3_9/src
make -C psu_cortexr5_0/libsrc/scugic_v3_9/src -s libs  "SHELL=/bin/sh" "COMPILER=armr5-none-eabi-gcc" "ARCHIVER=armr5-none-eabi-ar" "COMPILER_FLAGS=  -O2 -c -mcpu=cortex-r5" "EXTRA_COMPILER_FLAGS=-g -DARMR5 -Wall -Wextra -mfloat-abi=hard -mfpu=vfpv3-d16 -DUNDEFINE_FILE_OPS -DUSE_AMP=1"
Compiling scugic
xscugic_hw.c: In function 'DistInit':
xscugic_hw.c:126:3: warning: #warning "Building GIC for AMP" [-Wcpp]
  #warning "Building GIC for AMP"
   ^~~~~~~
Running Make libs in psu_cortexr5_0/libsrc/uartps_v3_6/src
make -C psu_cortexr5_0/libsrc/uartps_v3_6/src -s libs  "SHELL=/bin/sh" "COMPILER=armr5-none-eabi-gcc" "ARCHIVER=armr5-none-eabi-ar" "COMPILER_FLAGS=  -O2 -c -mcpu=cortex-r5" "EXTRA_COMPILER_FLAGS=-g -DARMR5 -Wall -Wextra -mfloat-abi=hard -mfpu=vfpv3-d16 -DUNDEFINE_FILE_OPS -DUSE_AMP=1"
Compiling uartps
Running Make libs in psu_cortexr5_0/libsrc/avbuf_v2_2/src
make -C psu_cortexr5_0/libsrc/avbuf_v2_2/src -s libs  "SHELL=/bin/sh" "COMPILER=armr5-none-eabi-gcc" "ARCHIVER=armr5-none-eabi-ar" "COMPILER_FLAGS=  -O2 -c -mcpu=cortex-r5" "EXTRA_COMPILER_FLAGS=-g -DARMR5 -Wall -Wextra -mfloat-abi=hard -mfpu=vfpv3-d16 -DUNDEFINE_FILE_OPS -DUSE_AMP=1"
Compiling avbuf
Running Make libs in psu_cortexr5_0/libsrc/dpdma_v1_1/src
make -C psu_cortexr5_0/libsrc/dpdma_v1_1/src -s libs  "SHELL=/bin/sh" "COMPILER=armr5-none-eabi-gcc" "ARCHIVER=armr5-none-eabi-ar" "COMPILER_FLAGS=  -O2 -c -mcpu=cortex-r5" "EXTRA_COMPILER_FLAGS=-g -DARMR5 -Wall -Wextra -mfloat-abi=hard -mfpu=vfpv3-d16 -DUNDEFINE_FILE_OPS -DUSE_AMP=1"
Compiling dpdma
Running Make libs in psu_cortexr5_0/libsrc/iicps_v3_7/src
make -C psu_cortexr5_0/libsrc/iicps_v3_7/src -s libs  "SHELL=/bin/sh" "COMPILER=armr5-none-eabi-gcc" "ARCHIVER=armr5-none-eabi-ar" "COMPILER_FLAGS=  -O2 -c -mcpu=cortex-r5" "EXTRA_COMPILER_FLAGS=-g -DARMR5 -Wall -Wextra -mfloat-abi=hard -mfpu=vfpv3-d16 -DUNDEFINE_FILE_OPS -DUSE_AMP=1"
Compiling iicps
Running Make libs in psu_cortexr5_0/libsrc/resetps_v1_1/src
make -C psu_cortexr5_0/libsrc/resetps_v1_1/src -s libs  "SHELL=/bin/sh" "COMPILER=armr5-none-eabi-gcc" "ARCHIVER=armr5-none-eabi-ar" "COMPILER_FLAGS=  -O2 -c -mcpu=cortex-r5" "EXTRA_COMPILER_FLAGS=-g -DARMR5 -Wall -Wextra -mfloat-abi=hard -mfpu=vfpv3-d16 -DUNDEFINE_FILE_OPS -DUSE_AMP=1"
Compiling resetps
xresetps.c: In function 'XResetPs_ResetAssert':
xresetps.c:762:12: warning: comparison is always false due to limited range of data type [-Wtype-limits]
   (ResetID < XRESETPS_RSTID_START)) {
            ^
xresetps.c: In function 'XResetPs_ResetDeassert':
xresetps.c:820:12: warning: comparison is always false due to limited range of data type [-Wtype-limits]
   (ResetID < XRESETPS_RSTID_START)) {
            ^
xresetps.c: In function 'XResetPs_ResetPulse':
xresetps.c:877:12: warning: comparison is always false due to limited range of data type [-Wtype-limits]
   (ResetID < XRESETPS_RSTID_START)) {
            ^
xresetps.c: In function 'XResetPs_ResetStatus':
xresetps.c:982:12: warning: comparison is always false due to limited range of data type [-Wtype-limits]
   (ResetID < XRESETPS_RSTID_START)) {
            ^
Running Make libs in psu_cortexr5_0/libsrc/libmetal_v1_4/src
make -C psu_cortexr5_0/libsrc/libmetal_v1_4/src -s libs  "SHELL=/bin/sh" "COMPILER=armr5-none-eabi-gcc" "ARCHIVER=armr5-none-eabi-ar" "COMPILER_FLAGS=  -O2 -c -mcpu=cortex-r5" "EXTRA_COMPILER_FLAGS=-g -DARMR5 -Wall -Wextra -mfloat-abi=hard -mfpu=vfpv3-d16 -DUNDEFINE_FILE_OPS -DUSE_AMP=1"
[100%] Built target metal-static
Install the project...
-- Install configuration: "Debug"
-- Installing: ../../../include/metal/alloc.h
-- Installing: ../../../include/metal/atomic.h
-- Installing: ../../../include/metal/cache.h
-- Installing: ../../../include/metal/compiler.h
-- Installing: ../../../include/metal/condition.h
-- Installing: ../../../include/metal/config.h
-- Installing: ../../../include/metal/cpu.h
-- Installing: ../../../include/metal/device.h
-- Installing: ../../../include/metal/dma.h
-- Installing: ../../../include/metal/io.h
-- Installing: ../../../include/metal/irq.h
-- Installing: ../../../include/metal/list.h
-- Installing: ../../../include/metal/log.h
-- Installing: ../../../include/metal/mutex.h
-- Installing: ../../../include/metal/shmem.h
-- Installing: ../../../include/metal/sleep.h
-- Installing: ../../../include/metal/spinlock.h
-- Installing: ../../../include/metal/sys.h
-- Installing: ../../../include/metal/time.h
-- Installing: ../../../include/metal/utilities.h
-- Installing: ../../../include/metal/version.h
-- Installing: ../../../include/metal/compiler/gcc/atomic.h
-- Installing: ../../../include/metal/compiler/gcc/compiler.h
-- Installing: ../../../include/metal/processor/arm/atomic.h
-- Installing: ../../../include/metal/processor/arm/cpu.h
-- Installing: ../../../include/metal/system/generic/alloc.h
-- Installing: ../../../include/metal/system/generic/condition.h
-- Installing: ../../../include/metal/system/generic/io.h
-- Installing: ../../../include/metal/system/generic/irq.h
-- Installing: ../../../include/metal/system/generic/mutex.h
-- Installing: ../../../include/metal/system/generic/sys.h
-- Installing: ../../../include/metal/system/generic/zynqmp_r5/sys.h
-- Up-to-date: ../../../lib/libmetal.a
Running Make libs in psu_cortexr5_0/libsrc/wdtps_v3_0/src
make -C psu_cortexr5_0/libsrc/wdtps_v3_0/src -s libs  "SHELL=/bin/sh" "COMPILER=armr5-none-eabi-gcc" "ARCHIVER=armr5-none-eabi-ar" "COMPILER_FLAGS=  -O2 -c -mcpu=cortex-r5" "EXTRA_COMPILER_FLAGS=-g -DARMR5 -Wall -Wextra -mfloat-abi=hard -mfpu=vfpv3-d16 -DUNDEFINE_FILE_OPS -DUSE_AMP=1"
Compiling wdtps
Running Make libs in psu_cortexr5_0/libsrc/video_common_v4_4/src
make -C psu_cortexr5_0/libsrc/video_common_v4_4/src -s libs  "SHELL=/bin/sh" "COMPILER=armr5-none-eabi-gcc" "ARCHIVER=armr5-none-eabi-ar" "COMPILER_FLAGS=  -O2 -c -mcpu=cortex-r5" "EXTRA_COMPILER_FLAGS=-g -DARMR5 -Wall -Wextra -mfloat-abi=hard -mfpu=vfpv3-d16 -DUNDEFINE_FILE_OPS -DUSE_AMP=1"
Compiling video_common
Running Make libs in psu_cortexr5_0/libsrc/rtcpsu_v1_5/src
make -C psu_cortexr5_0/libsrc/rtcpsu_v1_5/src -s libs  "SHELL=/bin/sh" "COMPILER=armr5-none-eabi-gcc" "ARCHIVER=armr5-none-eabi-ar" "COMPILER_FLAGS=  -O2 -c -mcpu=cortex-r5" "EXTRA_COMPILER_FLAGS=-g -DARMR5 -Wall -Wextra -mfloat-abi=hard -mfpu=vfpv3-d16 -DUNDEFINE_FILE_OPS -DUSE_AMP=1"
Compiling rtcpsu
Running Make libs in psu_cortexr5_0/libsrc/ddrcpsu_v1_1/src
make -C psu_cortexr5_0/libsrc/ddrcpsu_v1_1/src -s libs  "SHELL=/bin/sh" "COMPILER=armr5-none-eabi-gcc" "ARCHIVER=armr5-none-eabi-ar" "COMPILER_FLAGS=  -O2 -c -mcpu=cortex-r5" "EXTRA_COMPILER_FLAGS=-g -DARMR5 -Wall -Wextra -mfloat-abi=hard -mfpu=vfpv3-d16 -DUNDEFINE_FILE_OPS -DUSE_AMP=1"
Compiling ddrcpsu
Running Make libs in psu_cortexr5_0/libsrc/spips_v3_1/src
make -C psu_cortexr5_0/libsrc/spips_v3_1/src -s libs  "SHELL=/bin/sh" "COMPILER=armr5-none-eabi-gcc" "ARCHIVER=armr5-none-eabi-ar" "COMPILER_FLAGS=  -O2 -c -mcpu=cortex-r5" "EXTRA_COMPILER_FLAGS=-g -DARMR5 -Wall -Wextra -mfloat-abi=hard -mfpu=vfpv3-d16 -DUNDEFINE_FILE_OPS -DUSE_AMP=1"
Compiling spips
Running Make libs in psu_cortexr5_0/libsrc/sysmonpsu_v2_4/src
[...]
Running Make include in psu_cortexr5_0/libsrc/video_common_v4_4/src
make -C psu_cortexr5_0/libsrc/video_common_v4_4/src -s include  "SHELL=/bin/sh" "COMPILER=armr5-none-eabi-gcc" "ARCHIVER=armr5-none-eabi-ar" "COMPILER_FLAGS=  -O2 -c -mcpu=cortex-r5" "EXTRA_COMPILER_FLAGS=-g -DARMR5 -Wall -Wextra  -mfpu=vfpv3-d16 -DUNDEFINE_FILE_OPS -DUSE_AMP=1"
Running Make include in psu_cortexr5_0/libsrc/rtcpsu_v1_5/src
make -C psu_cortexr5_0/libsrc/rtcpsu_v1_5/src -s include  "SHELL=/bin/sh" "COMPILER=armr5-none-eabi-gcc" "ARCHIVER=armr5-none-eabi-ar" "COMPILER_FLAGS=  -O2 -c -mcpu=cortex-r5" "EXTRA_COMPILER_FLAGS=-g -DARMR5 -Wall -Wextra  -mfpu=vfpv3-d16 -DUNDEFINE_FILE_OPS -DUSE_AMP=1"
Running Make include in psu_cortexr5_0/libsrc/ddrcpsu_v1_1/src
make -C psu_cortexr5_0/libsrc/ddrcpsu_v1_1/src -s include  "SHELL=/bin/sh" "COMPILER=armr5-none-eabi-gcc" "ARCHIVER=armr5-none-eabi-ar" "COMPILER_FLAGS=  -O2 -c -mcpu=cortex-r5" "EXTRA_COMPILER_FLAGS=-g -DARMR5 -Wall -Wextra  -mfpu=vfpv3-d16 -DUNDEFINE_FILE_OPS -DUSE_AMP=1"
Running Make include in psu_cortexr5_0/libsrc/spips_v3_1/src
make -C psu_cortexr5_0/libsrc/spips_v3_1/src -s include  "SHELL=/bin/sh" "COMPILER=armr5-none-eabi-gcc" "ARCHIVER=armr5-none-eabi-ar" "COMPILER_FLAGS=  -O2 -c -mcpu=cortex-r5" "EXTRA_COMPILER_FLAGS=-g -DARMR5 -Wall -Wextra  -mfpu=vfpv3-d16 -DUNDEFINE_FILE_OPS -DUSE_AMP=1"
Running Make include in psu_cortexr5_0/libsrc/sysmonpsu_v2_4/src
make -C psu_cortexr5_0/libsrc/sysmonpsu_v2_4/src -s include  "SHELL=/bin/sh" "COMPILER=armr5-none-eabi-gcc" "ARCHIVER=armr5-none-eabi-ar" "COMPILER_FLAGS=  -O2 -c -mcpu=cortex-r5" "EXTRA_COMPILER_FLAGS=-g -DARMR5 -Wall -Wextra  -mfpu=vfpv3-d16 -DUNDEFINE_FILE_OPS -DUSE_AMP=1"
Running Make include in psu_cortexr5_0/libsrc/ttcps_v3_6/src
make -C psu_cortexr5_0/libsrc/ttcps_v3_6/src -s include  "SHELL=/bin/sh" "COMPILER=armr5-none-eabi-gcc" "ARCHIVER=armr5-none-eabi-ar" "COMPILER_FLAGS=  -O2 -c -mcpu=cortex-r5" "EXTRA_COMPILER_FLAGS=-g -DARMR5 -Wall -Wextra  -mfpu=vfpv3-d16 -DUNDEFINE_FILE_OPS -DUSE_AMP=1"
Running Make include in psu_cortexr5_0/libsrc/cpu_cortexr5_v1_4/src
make -C psu_cortexr5_0/libsrc/cpu_cortexr5_v1_4/src -s include  "SHELL=/bin/sh" "COMPILER=armr5-none-eabi-gcc" "ARCHIVER=armr5-none-eabi-ar" "COMPILER_FLAGS=  -O2 -c -mcpu=cortex-r5" "EXTRA_COMPILER_FLAGS=-g -DARMR5 -Wall -Wextra  -mfpu=vfpv3-d16 -DUNDEFINE_FILE_OPS -DUSE_AMP=1"
Running Make include in psu_cortexr5_0/libsrc/axipmon_v6_6/src
make -C psu_cortexr5_0/libsrc/axipmon_v6_6/src -s include  "SHELL=/bin/sh" "COMPILER=armr5-none-eabi-gcc" "ARCHIVER=armr5-none-eabi-ar" "COMPILER_FLAGS=  -O2 -c -mcpu=cortex-r5" "EXTRA_COMPILER_FLAGS=-g -DARMR5 -Wall -Wextra  -mfpu=vfpv3-d16 -DUNDEFINE_FILE_OPS -DUSE_AMP=1"
Running Make include in psu_cortexr5_0/libsrc/sdps_v3_5/src
make -C psu_cortexr5_0/libsrc/sdps_v3_5/src -s include  "SHELL=/bin/sh" "COMPILER=armr5-none-eabi-gcc" "ARCHIVER=armr5-none-eabi-ar" "COMPILER_FLAGS=  -O2 -c -mcpu=cortex-r5" "EXTRA_COMPILER_FLAGS=-g -DARMR5 -Wall -Wextra  -mfpu=vfpv3-d16 -DUNDEFINE_FILE_OPS -DUSE_AMP=1"
Running Make include in psu_cortexr5_0/libsrc/coresightps_dcc_v1_4/src
make -C psu_cortexr5_0/libsrc/coresightps_dcc_v1_4/src -s include  "SHELL=/bin/sh" "COMPILER=armr5-none-eabi-gcc" "ARCHIVER=armr5-none-eabi-ar" "COMPILER_FLAGS=  -O2 -c -mcpu=cortex-r5" "EXTRA_COMPILER_FLAGS=-g -DARMR5 -Wall -Wextra  -mfpu=vfpv3-d16 -DUNDEFINE_FILE_OPS -DUSE_AMP=1"
Running Make include in psu_cortexr5_0/libsrc/usbpsu_v1_4/src
make -C psu_cortexr5_0/libsrc/usbpsu_v1_4/src -s include  "SHELL=/bin/sh" "COMPILER=armr5-none-eabi-gcc" "ARCHIVER=armr5-none-eabi-ar" "COMPILER_FLAGS=  -O2 -c -mcpu=cortex-r5" "EXTRA_COMPILER_FLAGS=-g -DARMR5 -Wall -Wextra  -mfpu=vfpv3-d16 -DUNDEFINE_FILE_OPS -DUSE_AMP=1"
Running Make libs in psu_cortexr5_0/libsrc/csudma_v1_2/src
make -C psu_cortexr5_0/libsrc/csudma_v1_2/src -s libs  "SHELL=/bin/sh" "COMPILER=armr5-none-eabi-gcc" "ARCHIVER=armr5-none-eabi-ar" "COMPILER_FLAGS=  -O2 -c -mcpu=cortex-r5" "EXTRA_COMPILER_FLAGS=-g -DARMR5 -Wall -Wextra  -mfpu=vfpv3-d16 -DUNDEFINE_FILE_OPS -DUSE_AMP=1"
Compiling csudma
Running Make libs in psu_cortexr5_0/libsrc/openamp_v1_5/src
make -C psu_cortexr5_0/libsrc/openamp_v1_5/src -s libs  "SHELL=/bin/sh" "COMPILER=armr5-none-eabi-gcc" "ARCHIVER=armr5-none-eabi-ar" "COMPILER_FLAGS=  -O2 -c -mcpu=cortex-r5" "EXTRA_COMPILER_FLAGS=-g -DARMR5 -Wall -Wextra  -mfpu=vfpv3-d16 -DUNDEFINE_FILE_OPS -DUSE_AMP=1"
[100%] Built target open_amp-static
Install the project...
-- Install configuration: "Debug"
-- Up-to-date: ../../../lib/libopen_amp.a
-- Up-to-date: ../../../include/openamp
-- Installing: ../../../include/openamp/sh_mem.h
-- Installing: ../../../include/openamp/open_amp.h
-- Installing: ../../../include/openamp/rpmsg_core.h
-- Installing: ../../../include/openamp/elf_loader.h
-- Installing: ../../../include/openamp/hil.h
-- Installing: ../../../include/openamp/compiler.h
-- Installing: ../../../include/openamp/remoteproc.h
-- Installing: ../../../include/openamp/rpmsg_retarget.h
-- Installing: ../../../include/openamp/firmware.h
-- Installing: ../../../include/openamp/env.h
-- Installing: ../../../include/openamp/remoteproc_loader.h
-- Installing: ../../../include/openamp/virtio_ring.h
-- Installing: ../../../include/openamp/rsc_table_parser.h
-- Installing: ../../../include/openamp/rpmsg.h
-- Installing: ../../../include/openamp/virtio.h
-- Installing: ../../../include/openamp/virtqueue.h
Running Make libs in psu_cortexr5_0/libsrc/iicps_v3_7/src
make -C psu_cortexr5_0/libsrc/iicps_v3_7/src -s libs  "SHELL=/bin/sh" "COMPILER=armr5-none-eabi-gcc" "ARCHIVER=armr5-none-eabi-ar" "COMPILER_FLAGS=  -O2 -c -mcpu=cortex-r5" "EXTRA_COMPILER_FLAGS=-g -DARMR5 -Wall -Wextra  -mfpu=vfpv3-d16 -DUNDEFINE_FILE_OPS -DUSE_AMP=1"
Compiling iicps
Running Make libs in psu_cortexr5_0/libsrc/zdma_v1_5/src
make -C psu_cortexr5_0/libsrc/zdma_v1_5/src -s libs  "SHELL=/bin/sh" "COMPILER=armr5-none-eabi-gcc" "ARCHIVER=armr5-none-eabi-ar" "COMPILER_FLAGS=  -O2 -c -mcpu=cortex-r5" "EXTRA_COMPILER_FLAGS=-g -DARMR5 -Wall -Wextra  -mfpu=vfpv3-d16 -DUNDEFINE_FILE_OPS -DUSE_AMP=1"
Compiling zdma
Running Make libs in psu_cortexr5_0/libsrc/ipipsu_v2_3/src
make -C psu_cortexr5_0/libsrc/ipipsu_v2_3/src -s libs  "SHELL=/bin/sh" "COMPILER=armr5-none-eabi-gcc" "ARCHIVER=armr5-none-eabi-ar" "COMPILER_FLAGS=  -O2 -c -mcpu=cortex-r5" "EXTRA_COMPILER_FLAGS=-g -DARMR5 -Wall -Wextra  -mfpu=vfpv3-d16 -DUNDEFINE_FILE_OPS -DUSE_AMP=1"
Compiling ipipsu
Running Make libs in psu_cortexr5_0/libsrc/gpiops_v3_3/src
make -C psu_cortexr5_0/libsrc/gpiops_v3_3/src -s libs  "SHELL=/bin/sh" "COMPILER=armr5-none-eabi-gcc" "ARCHIVER=armr5-none-eabi-ar" "COMPILER_FLAGS=  -O2 -c -mcpu=cortex-r5" "EXTRA_COMPILER_FLAGS=-g -DARMR5 -Wall -Wextra  -mfpu=vfpv3-d16 -DUNDEFINE_FILE_OPS -DUSE_AMP=1"
Compiling gpiops
Running Make libs in psu_cortexr5_0/libsrc/scugic_v3_9/src
make -C psu_cortexr5_0/libsrc/scugic_v3_9/src -s libs  "SHELL=/bin/sh" "COMPILER=armr5-none-eabi-gcc" "ARCHIVER=armr5-none-eabi-ar" "COMPILER_FLAGS=  -O2 -c -mcpu=cortex-r5" "EXTRA_COMPILER_FLAGS=-g -DARMR5 -Wall -Wextra  -mfpu=vfpv3-d16 -DUNDEFINE_FILE_OPS -DUSE_AMP=1"
Compiling scugic
xscugic_hw.c: In function 'DistInit':
xscugic_hw.c:126:3: warning: #warning "Building GIC for AMP" [-Wcpp]
  #warning "Building GIC for AMP"
   ^~~~~~~
Running Make libs in psu_cortexr5_0/libsrc/uartps_v3_6/src
make -C psu_cortexr5_0/libsrc/uartps_v3_6/src -s libs  "SHELL=/bin/sh" "COMPILER=armr5-none-eabi-gcc" "ARCHIVER=armr5-none-eabi-ar" "COMPILER_FLAGS=  -O2 -c -mcpu=cortex-r5" "EXTRA_COMPILER_FLAGS=-g -DARMR5 -Wall -Wextra  -mfpu=vfpv3-d16 -DUNDEFINE_FILE_OPS -DUSE_AMP=1"
Compiling uartps
Running Make libs in psu_cortexr5_0/libsrc/avbuf_v2_2/src
make -C psu_cortexr5_0/libsrc/avbuf_v2_2/src -s libs  "SHELL=/bin/sh" "COMPILER=armr5-none-eabi-gcc" "ARCHIVER=armr5-none-eabi-ar" "COMPILER_FLAGS=  -O2 -c -mcpu=cortex-r5" "EXTRA_COMPILER_FLAGS=-g -DARMR5 -Wall -Wextra  -mfpu=vfpv3-d16 -DUNDEFINE_FILE_OPS -DUSE_AMP=1"
Compiling avbuf
Running Make libs in psu_cortexr5_0/libsrc/dpdma_v1_1/src
make -C psu_cortexr5_0/libsrc/dpdma_v1_1/src -s libs  "SHELL=/bin/sh" "COMPILER=armr5-none-eabi-gcc" "ARCHIVER=armr5-none-eabi-ar" "COMPILER_FLAGS=  -O2 -c -mcpu=cortex-r5" "EXTRA_COMPILER_FLAGS=-g -DARMR5 -Wall -Wextra  -mfpu=vfpv3-d16 -DUNDEFINE_FILE_OPS -DUSE_AMP=1"
Compiling dpdma
Running Make libs in psu_cortexr5_0/libsrc/freertos10_xilinx_v1_1/src
make -C psu_cortexr5_0/libsrc/freertos10_xilinx_v1_1/src -s libs  "SHELL=/bin/sh" "COMPILER=armr5-none-eabi-gcc" "ARCHIVER=armr5-none-eabi-ar" "COMPILER_FLAGS=  -O2 -c -mcpu=cortex-r5" "EXTRA_COMPILER_FLAGS=-g -DARMR5 -Wall -Wextra  -mfpu=vfpv3-d16 -DUNDEFINE_FILE_OPS -DUSE_AMP=1"
Compiling standalone R5
Compiling FreeRTOS
Running Make libs in psu_cortexr5_0/libsrc/canps_v3_2/src
make -C psu_cortexr5_0/libsrc/canps_v3_2/src -s libs  "SHELL=/bin/sh" "COMPILER=armr5-none-eabi-gcc" "ARCHIVER=armr5-none-eabi-ar" "COMPILER_FLAGS=  -O2 -c -mcpu=cortex-r5" "EXTRA_COMPILER_FLAGS=-g -DARMR5 -Wall -Wextra  -mfpu=vfpv3-d16 -DUNDEFINE_FILE_OPS -DUSE_AMP=1"
Compiling canps
Running Make libs in psu_cortexr5_0/libsrc/resetps_v1_1/src
make -C psu_cortexr5_0/libsrc/resetps_v1_1/src -s libs  "SHELL=/bin/sh" "COMPILER=armr5-none-eabi-gcc" "ARCHIVER=armr5-none-eabi-ar" "COMPILER_FLAGS=  -O2 -c -mcpu=cortex-r5" "EXTRA_COMPILER_FLAGS=-g -DARMR5 -Wall -Wextra  -mfpu=vfpv3-d16 -DUNDEFINE_FILE_OPS -DUSE_AMP=1"
Compiling resetps
xresetps.c: In function 'XResetPs_ResetAssert':
xresetps.c:762:12: warning: comparison is always false due to limited range of data type [-Wtype-limits]
   (ResetID < XRESETPS_RSTID_START)) {
            ^
xresetps.c: In function 'XResetPs_ResetDeassert':
xresetps.c:820:12: warning: comparison is always false due to limited range of data type [-Wtype-limits]
   (ResetID < XRESETPS_RSTID_START)) {
            ^
xresetps.c: In function 'XResetPs_ResetPulse':
xresetps.c:877:12: warning: comparison is always false due to limited range of data type [-Wtype-limits]
   (ResetID < XRESETPS_RSTID_START)) {
            ^
xresetps.c: In function 'XResetPs_ResetStatus':
xresetps.c:982:12: warning: comparison is always false due to limited range of data type [-Wtype-limits]
   (ResetID < XRESETPS_RSTID_START)) {
            ^
Running Make libs in psu_cortexr5_0/libsrc/libmetal_v1_4/src
make -C psu_cortexr5_0/libsrc/libmetal_v1_4/src -s libs  "SHELL=/bin/sh" "COMPILER=armr5-none-eabi-gcc" "ARCHIVER=armr5-none-eabi-ar" "COMPILER_FLAGS=  -O2 -c -mcpu=cortex-r5" "EXTRA_COMPILER_FLAGS=-g -DARMR5 -Wall -Wextra  -mfpu=vfpv3-d16 -DUNDEFINE_FILE_OPS -DUSE_AMP=1"
[100%] Built target metal-static
Install the project...
-- Install configuration: "Debug"
-- Installing: ../../../include/metal/alloc.h
-- Installing: ../../../include/metal/atomic.h
-- Installing: ../../../include/metal/cache.h
-- Installing: ../../../include/metal/compiler.h
-- Installing: ../../../include/metal/condition.h
-- Installing: ../../../include/metal/config.h
-- Installing: ../../../include/metal/cpu.h
-- Installing: ../../../include/metal/device.h
-- Installing: ../../../include/metal/dma.h
-- Installing: ../../../include/metal/io.h
-- Installing: ../../../include/metal/irq.h
-- Installing: ../../../include/metal/list.h
-- Installing: ../../../include/metal/log.h
-- Installing: ../../../include/metal/mutex.h
-- Installing: ../../../include/metal/shmem.h
-- Installing: ../../../include/metal/sleep.h
-- Installing: ../../../include/metal/spinlock.h
-- Installing: ../../../include/metal/sys.h
-- Installing: ../../../include/metal/time.h
-- Installing: ../../../include/metal/utilities.h
-- Installing: ../../../include/metal/version.h
-- Installing: ../../../include/metal/compiler/gcc/atomic.h
-- Installing: ../../../include/metal/compiler/gcc/compiler.h
-- Installing: ../../../include/metal/processor/arm/atomic.h
-- Installing: ../../../include/metal/processor/arm/cpu.h
-- Installing: ../../../include/metal/system/freertos/alloc.h
-- Installing: ../../../include/metal/system/freertos/condition.h
-- Installing: ../../../include/metal/system/freertos/io.h
-- Installing: ../../../include/metal/system/freertos/irq.h
-- Installing: ../../../include/metal/system/freertos/mutex.h
-- Installing: ../../../include/metal/system/freertos/sys.h
-- Installing: ../../../include/metal/system/freertos/zynqmp_r5/sys.h
-- Up-to-date: ../../../lib/libmetal.a
Running Make libs in psu_cortexr5_0/libsrc/wdtps_v3_0/src
make -C psu_cortexr5_0/libsrc/wdtps_v3_0/src -s libs  "SHELL=/bin/sh" "COMPILER=armr5-none-eabi-gcc" "ARCHIVER=armr5-none-eabi-ar" "COMPILER_FLAGS=  -O2 -c -mcpu=cortex-r5" "EXTRA_COMPILER_FLAGS=-g -DARMR5 -Wall -Wextra  -mfpu=vfpv3-d16 -DUNDEFINE_FILE_OPS -DUSE_AMP=1"
Compiling wdtps
Running Make libs in psu_cortexr5_0/libsrc/video_common_v4_4/src
make -C psu_cortexr5_0/libsrc/video_common_v4_4/src -s libs  "SHELL=/bin/sh" "COMPILER=armr5-none-eabi-gcc" "ARCHIVER=armr5-none-eabi-ar" "COMPILER_FLAGS=  -O2 -c -mcpu=cortex-r5" "EXTRA_COMPILER_FLAGS=-g -DARMR5 -Wall -Wextra  -mfpu=vfpv3-d16 -DUNDEFINE_FILE_OPS -DUSE_AMP=1"
Compiling video_common
Running Make libs in psu_cortexr5_0/libsrc/rtcpsu_v1_5/src
make -C psu_cortexr5_0/libsrc/rtcpsu_v1_5/src -s libs  "SHELL=/bin/sh" "COMPILER=armr5-none-eabi-gcc" "ARCHIVER=armr5-none-eabi-ar" "COMPILER_FLAGS=  -O2 -c -mcpu=cortex-r5" "EXTRA_COMPILER_FLAGS=-g -DARMR5 -Wall -Wextra  -mfpu=vfpv3-d16 -DUNDEFINE_FILE_OPS -DUSE_AMP=1"
Compiling rtcpsu
Running Make libs in psu_cortexr5_0/libsrc/ddrcpsu_v1_1/src
make -C psu_cortexr5_0/libsrc/ddrcpsu_v1_1/src -s libs  "SHELL=/bin/sh" "COMPILER=armr5-none-eabi-gcc" "ARCHIVER=armr5-none-eabi-ar" "COMPILER_FLAGS=  -O2 -c -mcpu=cortex-r5" "EXTRA_COMPILER_FLAGS=-g -DARMR5 -Wall -Wextra  -mfpu=vfpv3-d16 -DUNDEFINE_FILE_OPS -DUSE_AMP=1"
Compiling ddrcpsu
Running Make libs in psu_cortexr5_0/libsrc/spips_v3_1/src
make -C psu_cortexr5_0/libsrc/spips_v3_1/src -s libs  "SHELL=/bin/sh" "COMPILER=armr5-none-eabi-gcc" "ARCHIVER=armr5-none-eabi-ar" "COMPILER_FLAGS=  -O2 -c -mcpu=cortex-r5" "EXTRA_COMPILER_FLAGS=-g -DARMR5 -Wall -Wextra  -mfpu=vfpv3-d16 -DUNDEFINE_FILE_OPS -DUSE_AMP=1"
Compiling spips
Running Make libs in psu_cortexr5_0/libsrc/sysmonpsu_v2_4/src
make -C psu_cortexr5_0/libsrc/sysmonpsu_v2_4/src -s libs  "SHELL=/bin/sh" "COMPILER=armr5-none-eabi-gcc" "ARCHIVER=armr5-none-eabi-ar" "COMPILER_FLAGS=  -O2 -c -mcpu=cortex-r5" "EXTRA_COMPILER_FLAGS=-g -DARMR5 -Wall -Wextra  -mfpu=vfpv3-d16 -DUNDEFINE_FILE_OPS -DUSE_AMP=1"
Compiling sysmonpsu
Running Make libs in psu_cortexr5_0/libsrc/ttcps_v3_6/src
make -C psu_cortexr5_0/libsrc/ttcps_v3_6/src -s libs  "SHELL=/bin/sh" "COMPILER=armr5-none-eabi-gcc" "ARCHIVER=armr5-none-eabi-ar" "COMPILER_FLAGS=  -O2 -c -mcpu=cortex-r5" "EXTRA_COMPILER_FLAGS=-g -DARMR5 -Wall -Wextra  -mfpu=vfpv3-d16 -DUNDEFINE_FILE_OPS -DUSE_AMP=1"
Compiling ttcps
Running Make libs in psu_cortexr5_0/libsrc/cpu_cortexr5_v1_4/src
make -C psu_cortexr5_0/libsrc/cpu_cortexr5_v1_4/src -s libs  "SHELL=/bin/sh" "COMPILER=armr5-none-eabi-gcc" "ARCHIVER=armr5-none-eabi-ar" "COMPILER_FLAGS=  -O2 -c -mcpu=cortex-r5" "EXTRA_COMPILER_FLAGS=-g -DARMR5 -Wall -Wextra  -mfpu=vfpv3-d16 -DUNDEFINE_FILE_OPS -DUSE_AMP=1"
Compiling cpu_cortexr5
Running Make libs in psu_cortexr5_0/libsrc/axipmon_v6_6/src
make -C psu_cortexr5_0/libsrc/axipmon_v6_6/src -s libs  "SHELL=/bin/sh" "COMPILER=armr5-none-eabi-gcc" "ARCHIVER=armr5-none-eabi-ar" "COMPILER_FLAGS=  -O2 -c -mcpu=cortex-r5" "EXTRA_COMPILER_FLAGS=-g -DARMR5 -Wall -Wextra  -mfpu=vfpv3-d16 -DUNDEFINE_FILE_OPS -DUSE_AMP=1"
Compiling axipmon
Running Make libs in psu_cortexr5_0/libsrc/sdps_v3_5/src
make -C psu_cortexr5_0/libsrc/sdps_v3_5/src -s libs  "SHELL=/bin/sh" "COMPILER=armr5-none-eabi-gcc" "ARCHIVER=armr5-none-eabi-ar" "COMPILER_FLAGS=  -O2 -c -mcpu=cortex-r5" "EXTRA_COMPILER_FLAGS=-g -DARMR5 -Wall -Wextra  -mfpu=vfpv3-d16 -DUNDEFINE_FILE_OPS -DUSE_AMP=1"
Compiling sdps
Running Make libs in psu_cortexr5_0/libsrc/coresightps_dcc_v1_4/src
make -C psu_cortexr5_0/libsrc/coresightps_dcc_v1_4/src -s libs  "SHELL=/bin/sh" "COMPILER=armr5-none-eabi-gcc" "ARCHIVER=armr5-none-eabi-ar" "COMPILER_FLAGS=  -O2 -c -mcpu=cortex-r5" "EXTRA_COMPILER_FLAGS=-g -DARMR5 -Wall -Wextra  -mfpu=vfpv3-d16 -DUNDEFINE_FILE_OPS -DUSE_AMP=1"
Compiling coresightps_dcc
Running Make libs in psu_cortexr5_0/libsrc/usbpsu_v1_4/src
make -C psu_cortexr5_0/libsrc/usbpsu_v1_4/src -s libs  "SHELL=/bin/sh" "COMPILER=armr5-none-eabi-gcc" "ARCHIVER=armr5-none-eabi-ar" "COMPILER_FLAGS=  -O2 -c -mcpu=cortex-r5" "EXTRA_COMPILER_FLAGS=-g -DARMR5 -Wall -Wextra  -mfpu=vfpv3-d16 -DUNDEFINE_FILE_OPS -DUSE_AMP=1"
Compiling usbpsu
Finished building libraries
13:02:57 **** Auto Build of configuration Debug for project amptest ****
make all 
Building file: ../src/can_app.c
Invoking: ARM R5 gcc compiler
armr5-none-eabi-gcc -DARMR5 -Wall -O0 -g3 -c -fmessage-length=0 -MT"src/can_app.o" -mcpu=cortex-r5 -I../../amptest_bsp/psu_cortexr5_0/include -MMD -MP -MF"src/can_app.d" -MT"src/can_app.o" -o "src/can_app.o" "../src/can_app.c"
Finished building: ../src/can_app.c
 
Building file: ../src/helper.c
Invoking: ARM R5 gcc compiler
armr5-none-eabi-gcc -DARMR5 -Wall -O0 -g3 -c -fmessage-length=0 -MT"src/helper.o" -mcpu=cortex-r5 -I../../amptest_bsp/psu_cortexr5_0/include -MMD -MP -MF"src/helper.d" -MT"src/helper.o" -o "src/helper.o" "../src/helper.c"
Finished building: ../src/helper.c
 
Building file: ../src/platform_info.c
Invoking: ARM R5 gcc compiler
armr5-none-eabi-gcc -DARMR5 -Wall -O0 -g3 -c -fmessage-length=0 -MT"src/platform_info.o" -mcpu=cortex-r5 -I../../amptest_bsp/psu_cortexr5_0/include -MMD -MP -MF"src/platform_info.d" -MT"src/platform_info.o" -o "src/platform_info.o" "../src/platform_info.c"
Finished building: ../src/platform_info.c
 
Building file: ../src/rsc_table.c
Invoking: ARM R5 gcc compiler
armr5-none-eabi-gcc -DARMR5 -Wall -O0 -g3 -c -fmessage-length=0 -MT"src/rsc_table.o" -mcpu=cortex-r5 -I../../amptest_bsp/psu_cortexr5_0/include -MMD -MP -MF"src/rsc_table.d" -MT"src/rsc_table.o" -o "src/rsc_table.o" "../src/rsc_table.c"
Finished building: ../src/rsc_table.c
 
Building file: ../src/tcc_app.c
Invoking: ARM R5 gcc compiler
armr5-none-eabi-gcc -DARMR5 -Wall -O0 -g3 -c -fmessage-length=0 -MT"src/tcc_app.o" -mcpu=cortex-r5 -I../../amptest_bsp/psu_cortexr5_0/include -MMD -MP -MF"src/tcc_app.d" -MT"src/tcc_app.o" -o "src/tcc_app.o" "../src/tcc_app.c"
Finished building: ../src/tcc_app.c
 
Building file: ../src/test.c
Invoking: ARM R5 gcc compiler
armr5-none-eabi-gcc -DARMR5 -Wall -O0 -g3 -c -fmessage-length=0 -MT"src/test.o" -mcpu=cortex-r5 -I../../amptest_bsp/psu_cortexr5_0/include -MMD -MP -MF"src/test.d" -MT"src/test.o" -o "src/test.o" "../src/test.c"
../src/test.c: In function 'rpmsg_send_cb':
../src/test.c:165:3: warning: 'return' with no value, in function returning non-void
   return ;
   ^~~~~~
../src/test.c:158:5: note: declared here
 int rpmsg_send_cb(void *data, int len)
     ^~~~~~~~~~~~~
../src/test.c: In function 'canprocessing':
../src/test.c:329:6: warning: variable 'status' set but not used [-Wunused-but-set-variable]
  int status;
      ^~~~~~
At top level:
../src/test.c:106:12: warning: 'evt_have_data' defined but not used [-Wunused-variable]
 static int evt_have_data = 0;
            ^~~~~~~~~~~~~
Finished building: ../src/test.c
 
Building target: amptest.elf
Invoking: ARM R5 gcc linker
armr5-none-eabi-gcc -Wl,-T -Wl,../src/lscript.ld -L../../amptest_bsp/psu_cortexr5_0/lib -o "amptest.elf"  ./src/can_app.o ./src/helper.o ./src/platform_info.o ./src/rsc_table.o ./src/tcc_app.o ./src/test.o   -Wl,--start-group,-lxil,-lfreertos,-lgcc,-lc,--end-group -Wl,--start-group,-lxil,-lmetal,-lopen_amp,-lgcc,-lc,--end-group -Wl,--start-group,-lxil,-lmetal,-lgcc,-lc,--end-group
Finished building target: amptest.elf
 
Invoking: ARM R5 Print Size
armr5-none-eabi-size amptest.elf  |tee "amptest.elf.size"
   text	   data	    bss	    dec	    hex	filename
 135240	   4784	  97864	 237888	  3a140	amptest.elf
Finished building: amptest.elf.size
 
